2026-09-12 13:15:12,107 | INFO | ✅ CorrectedCostAudit initialized
2026-09-12 13:15:12,107 | INFO |    Round-trip friction: 16 bps
2026-09-12 13:15:12,107 | INFO |    Hurdle rate (conservative, c_R=0.27): 50.80%
2026-09-12 13:15:12,107 | INFO |    Hurdle rate (optimistic, c_R=0.20): 48.00%
2026-09-12 13:15:12,107 | INFO | 
================================================================================
2026-09-12 13:15:12,108 | INFO | CORRECTED COST-AWARE AUDIT: FRICTION-INCLUSIVE HURDLE RATE
2026-09-12 13:15:12,108 | INFO | ================================================================================

2026-09-12 13:15:12,108 | INFO | 
Loading data and generating model scores...
2026-09-12 13:15:12,677 | INFO |   ✅ Features: (1080000, 10)
2026-09-12 13:15:12,679 | INFO |   ✅ Scores generated: 1,075,632
2026-09-12 13:15:12,679 | INFO |   ✅ Labels: (1080000,)
2026-09-12 13:15:12,954 | INFO | Total audit rows: 1,073,472
2026-09-12 13:15:12,957 | INFO | Base win rate: 38.39%
2026-09-12 13:15:12,968 | INFO | Intrabar ambiguity: 1,429 (0.13%)
2026-09-12 13:15:12,968 | INFO | 
================================================================================
2026-09-12 13:15:12,968 | INFO | COHORT ANALYSIS
2026-09-12 13:15:12,968 | INFO | ================================================================================

2026-09-12 13:15:12,968 | INFO | Cohort                    N Total      N Resolved   Intrabar     Win Rate     Gross P&L       Net P&L (bps)   vs Hurdle      
2026-09-12 13:15:12,968 | INFO | ----------------------------------------------------------------------------------------------------------------------------------
2026-09-12 13:15:12,994 | INFO | Decile 10 (Top 10%)            107,348      106,956          392       54.56%         0.3641R           0.25 bps         ++3.8%
2026-09-12 13:15:13,034 | INFO | Decile 9 (80-90%)              107,347      107,222          125       46.80%         0.1700R          -0.22 bps          -4.0%
2026-09-12 13:15:13,052 | INFO | Top 5%                          53,674       53,365          309       57.67%         0.4419R           0.51 bps         ++6.9%
2026-09-12 13:15:13,065 | INFO | Top 1%                          10,735       10,544          191       61.96%         0.5490R           1.16 bps        ++11.2%
2026-09-12 13:15:13,077 | INFO | Top 0.5%                         5,368        5,224          144       62.94%         0.5735R           1.48 bps        ++12.1%
2026-09-12 13:15:13,077 | INFO | 
================================================================================
2026-09-12 13:15:13,077 | INFO | FINAL ASSESSMENT
2026-09-12 13:15:13,077 | INFO | ================================================================================

2026-09-12 13:15:13,077 | INFO | Friction-adjusted hurdle rate: 50.8% (conservative, c_R=0.27R)
2026-09-12 13:15:13,077 | INFO | Alternative hurdle (optimistic, c_R=0.20R): 48.0%
2026-09-12 13:15:13,077 | INFO | 
Viable cohorts (win_rate > hurdle): 4/5
2026-09-12 13:15:13,077 | INFO | ✅ Best viable cohort: Top 0.5%
2026-09-12 13:15:13,077 | INFO |    Win rate: 62.94% (vs 50.8% hurdle)
2026-09-12 13:15:13,077 | INFO |    Net P&L: 1.48 bps per trade
