2026-09-12 12:51:00,019 | INFO | ✅ CostAwareGeometryAudit initialized
2026-09-12 12:51:00,019 | INFO |    Trading costs: 8 bps total
2026-09-12 12:51:00,019 | INFO |    (5 bps transaction + 3 bps slippage)
2026-09-12 12:51:00,019 | INFO | 
================================================================================
2026-09-12 12:51:00,019 | INFO | COST-AWARE GEOMETRY AUDIT - TRAIN SPLIT
2026-09-12 12:51:00,019 | INFO | ================================================================================

2026-09-12 12:51:00,019 | INFO | 
Loading TRAIN split (with OHLCV)...
2026-09-12 12:51:00,428 | INFO |   ✅ Loaded features: (1080000, 10)
2026-09-12 12:51:00,428 | INFO |   ✅ Loaded OHLCV: (1080000, 1)
2026-09-12 12:51:00,428 | INFO |   ✅ Loaded labels: (1080000,)
2026-09-12 12:51:00,429 | INFO | 
Calculating forward returns (20 periods ahead)...
2026-09-12 12:51:00,445 | INFO |   ✅ Forward returns: min=-9755.24 bps, max=158003.75 bps, mean=12.62 bps
2026-09-12 12:51:00,570 | INFO | 
================================================================================
2026-09-12 12:51:00,570 | INFO | COST-AWARE P&L ANALYSIS BY PROBABILITY BUCKET
2026-09-12 12:51:00,570 | INFO | ================================================================================
2026-09-12 12:51:00,578 | INFO | 
Percentile           Min Prob     N Samples    Avg Return      Gross P&L       Costs           Net P&L         Survival       
2026-09-12 12:51:00,579 | INFO | ----------------------------------------------------------------------------------------------------------------------------------
2026-09-12 12:51:00,605 | INFO | 0-50%ile                 0.000000       537816          25.02 bps          25.02 bps           8.00 bps          17.02 bps              ✅
2026-09-12 12:51:00,646 | INFO | 50-75%ile                0.000145       268908           1.12 bps           1.12 bps           8.00 bps          -6.88 bps              ❌
2026-09-12 12:51:00,679 | INFO | 75-90%ile                0.000601       161344           0.29 bps           0.29 bps           8.00 bps          -7.71 bps              ❌
2026-09-12 12:51:00,703 | INFO | 90-95%ile                0.001620        53782          -2.18 bps          -2.18 bps           8.00 bps         -10.18 bps              ❌
2026-09-12 12:51:00,727 | INFO | 95-99%ile                0.002705        43025          -1.62 bps          -1.62 bps           8.00 bps          -9.62 bps              ❌
2026-09-12 12:51:00,750 | INFO | 99-99.5%ile              0.006190         5378          -0.43 bps          -0.43 bps           8.00 bps          -8.43 bps              ❌
2026-09-12 12:51:00,771 | INFO | 99.5-99.9%ile            0.008072         4303           0.97 bps           0.97 bps           8.00 bps          -7.03 bps              ❌
2026-09-12 12:51:00,795 | INFO | 99.9-99.95%ile           0.013256          538           3.10 bps           3.10 bps           8.00 bps          -4.90 bps              ❌
2026-09-12 12:51:00,817 | INFO | 99.95-99.99%ile          0.016003          430           2.82 bps           2.82 bps           8.00 bps          -5.18 bps              ❌
2026-09-12 12:51:00,827 | INFO | 99.99-100%ile            0.022506          108           5.94 bps           5.94 bps           8.00 bps          -2.06 bps              ❌
2026-09-12 12:51:00,827 | INFO | 
================================================================================
2026-09-12 12:51:00,827 | INFO | TOP BUCKET P&L DEEP DIVE
2026-09-12 12:51:00,827 | INFO | ================================================================================
2026-09-12 12:51:00,833 | INFO | 
Top %           Prob Threshold       N Samples       Avg Return           Net P&L              Profitable          
2026-09-12 12:51:00,833 | INFO | --------------------------------------------------------------------------------------------------------------
2026-09-12 12:51:00,846 | INFO |            0.1%            0.013254            1076                3.27 bps               -4.73 bps                ❌ NO
2026-09-12 12:51:00,857 | INFO |            0.5%            0.008072            5379                1.43 bps               -6.57 bps                ❌ NO
2026-09-12 12:51:00,868 | INFO |            1.0%            0.006190           10757                0.50 bps               -7.50 bps                ❌ NO
2026-09-12 12:51:00,880 | INFO |            5.0%            0.002705           53782               -1.19 bps               -9.19 bps                ❌ NO
2026-09-12 12:51:00,893 | INFO |           10.0%            0.001620          107564               -1.69 bps               -9.69 bps                ❌ NO
2026-09-12 12:51:00,893 | INFO | 
================================================================================
2026-09-12 12:51:00,893 | INFO | CRITICAL FINDING: COST SURVIVABILITY
2026-09-12 12:51:00,893 | INFO | ================================================================================
2026-09-12 12:51:00,893 | INFO | 
Top 0.1%: Net P&L = -4.73 bps → ❌ FAILS
2026-09-12 12:51:00,893 | INFO | 
Top 0.5%: Net P&L = -6.57 bps → ❌ FAILS
2026-09-12 12:51:00,893 | INFO | 
Top 1.0%: Net P&L = -7.50 bps → ❌ FAILS
2026-09-12 12:51:00,893 | INFO | 
Top 5.0%: Net P&L = -9.19 bps → ❌ FAILS
2026-09-12 12:51:00,893 | INFO | 
Top 10.0%: Net P&L = -9.69 bps → ❌ FAILS
