2026-09-12 13:12:52,086 | INFO | ✅ TripleBarrierCostAudit initialized
2026-09-12 13:12:52,086 | INFO |    Friction: 8 bps (3 tx + 2 brokerage + 3 slippage)
2026-09-12 13:12:52,086 | INFO |    Breakeven Win Rate: 250.0%
2026-09-12 13:12:52,086 | INFO | 
================================================================================
2026-09-12 13:12:52,086 | INFO | TRIPLE-BARRIER COST-AWARE P&L AUDIT - TRAIN SPLIT
2026-09-12 13:12:52,086 | INFO | ================================================================================

2026-09-12 13:12:52,086 | INFO | 
Loading features and generating predictions...
2026-09-12 13:12:52,527 | INFO |   ✅ Loaded features: (1080000, 10)
2026-09-12 13:12:52,652 | INFO |   ✅ Generated predictions: (1075632,)
2026-09-12 13:12:52,679 | INFO |   ✅ Loaded labels: (1080000,)
2026-09-12 13:12:52,684 | INFO | 
================================================================================
2026-09-12 13:12:52,684 | INFO | COST-AWARE P&L AUDIT BY PROBABILITY PERCENTILE
2026-09-12 13:12:52,684 | INFO | ================================================================================

2026-09-12 13:12:52,932 | INFO | Valid audit rows: 1,073,472
2026-09-12 13:12:52,934 | INFO | Base win rate in population: 38.39%
2026-09-12 13:12:52,946 | INFO | Intrabar ambiguity (both barriers hit): 1,429 (0.13%)
2026-09-12 13:12:52,946 | INFO | 
Percentile      N Samples    Win Rate     Gross P&L       Friction        Net P&L         Status      
2026-09-12 13:12:52,946 | INFO | --------------------------------------------------------------------------------------------------------------
2026-09-12 13:12:52,972 | INFO | Top 10%              106,956       54.56%         0.3641R        -0.0016R         0.3625R    ✅ VIABLE
2026-09-12 13:12:53,006 | INFO | Top 25%              267,795       49.39%         0.2348R        -0.0016R         0.2332R    ✅ VIABLE
2026-09-12 13:12:53,057 | INFO | Top 50%              535,919       44.81%         0.1203R        -0.0016R         0.1187R    ✅ VIABLE
2026-09-12 13:12:53,115 | INFO | Top 75%              804,079       41.68%         0.0421R        -0.0016R         0.0405R    ✅ VIABLE
2026-09-12 13:12:53,176 | INFO | Top 90%              964,965       39.83%        -0.0044R        -0.0016R        -0.0060R ❌ NOT VIABLE
2026-09-12 13:12:53,240 | INFO | Top 95%            1,018,582       39.13%        -0.0217R        -0.0016R        -0.0233R ❌ NOT VIABLE
2026-09-12 13:12:53,304 | INFO | Top 99%            1,061,430       38.48%        -0.0380R        -0.0016R        -0.0396R ❌ NOT VIABLE
2026-09-12 13:12:53,369 | INFO | Top 99.5%          1,066,769       38.39%        -0.0402R        -0.0016R        -0.0418R ❌ NOT VIABLE
2026-09-12 13:12:53,433 | INFO | Top 99.9%          1,071,004       38.32%        -0.0419R        -0.0016R        -0.0435R ❌ NOT VIABLE
2026-09-12 13:12:53,434 | INFO | 
================================================================================
2026-09-12 13:12:53,434 | INFO | VIABILITY ASSESSMENT
2026-09-12 13:12:53,435 | INFO | ================================================================================

2026-09-12 13:12:53,435 | INFO | Theoretical Breakeven: 250.0% win rate
2026-09-12 13:12:53,435 | INFO | Base Population: 38.39% win rate
2026-09-12 13:12:53,435 | INFO | Friction: 8 bps (16 bps round-trip)
2026-09-12 13:12:53,435 | INFO | 
Viable Percentiles: 4/9
2026-09-12 13:12:53,435 | INFO | ✅ Best viable cohort: Top 10% with +0.3625R net P&L
