2026-09-18 13:15:04,425 [INFO] (CCPP_DualPlant) CCPP Dual-Engine Plant Initialized (4 Sectors: GTG1, GTG2, CSTG1, CSTG2)
2026-09-18 13:15:04,425 [INFO] (CCPP_DualPlant) Entering DCS Cycle loop (60s tick interval)...
2026-09-18 13:18:57,273 [INFO] (CCPP_DualPlant) [GTG2_TECH] TCS Dispatch Blocked by DCS Supervisor: OUT_OF_PHASE_CASCADE
2026-09-18 13:18:57,273 [INFO] (CCPP_DualPlant) [GTG2_TECH] INFY Dispatch Blocked by DCS Supervisor: OUT_OF_PHASE_CASCADE
2026-09-18 13:19:57,331 [INFO] (CCPP_DualPlant) [CSTG2_METALS] HINDALCO Dispatch Blocked by DCS Supervisor: OUT_OF_PHASE_CASCADE
2026-09-18 13:19:57,331 [INFO] (CCPP_DualPlant) [CSTG2_METALS] BEL Dispatch Blocked by DCS Supervisor: OUT_OF_PHASE_CASCADE
2026-09-18 13:20:57,386 [INFO] (CCPP_DualPlant) [GTG2_TECH] TCS Dispatch Blocked by DCS Supervisor: OUT_OF_PHASE_CASCADE
2026-09-18 13:20:57,386 [INFO] (CCPP_DualPlant) [GTG2_TECH] INFY Dispatch Blocked by DCS Supervisor: OUT_OF_PHASE_CASCADE
2026-09-18 13:20:57,386 [INFO] (CCPP_DualPlant) [CSTG1_FIN] HDFCBANK Dispatch Blocked by DCS Supervisor: OUT_OF_PHASE_CASCADE
2026-09-18 13:20:57,387 [INFO] (CCPP_DualPlant) [CSTG2_METALS] TATASTEEL Dispatch Blocked by DCS Supervisor: OUT_OF_PHASE_CASCADE
2026-09-18 13:21:57,441 [INFO] (CCPP_DualPlant) [CSTG2_METALS] TATASTEEL Dispatch Blocked by DCS Supervisor: OUT_OF_PHASE_CASCADE
2026-09-18 13:22:57,506 [INFO] (CCPP_DualPlant) [CSTG1_FIN] HDFCBANK Dispatch Blocked by DCS Supervisor: OUT_OF_PHASE_CASCADE
2026-09-18 13:22:57,507 [INFO] (CCPP_DualPlant) [CSTG1_FIN] BAJFINANCE Dispatch Blocked by DCS Supervisor: OUT_OF_PHASE_CASCADE
2026-09-18 13:22:57,507 [INFO] (CCPP_DualPlant) [CSTG2_METALS] TATASTEEL Dispatch Blocked by DCS Supervisor: OUT_OF_PHASE_CASCADE
2026-09-18 13:23:57,562 [INFO] (CCPP_DualPlant) [GTG2_TECH] INFY Dispatch Blocked by DCS Supervisor: OUT_OF_PHASE_CASCADE
2026-09-18 13:23:57,563 [INFO] (CCPP_DualPlant) [CSTG2_METALS] BEL Dispatch Blocked by DCS Supervisor: OUT_OF_PHASE_CASCADE
2026-09-18 13:24:57,613 [INFO] (CCPP_DualPlant) [GTG2_TECH] TCS Dispatch Blocked by DCS Supervisor: OUT_OF_PHASE_CASCADE
2026-09-18 13:24:57,614 [INFO] (CCPP_DualPlant) [GTG2_TECH] INFY Dispatch Blocked by DCS Supervisor: OUT_OF_PHASE_CASCADE
2026-09-18 13:24:57,614 [INFO] (CCPP_DualPlant) [CSTG1_FIN] BAJFINANCE Dispatch Blocked by DCS Supervisor: OUT_OF_PHASE_CASCADE
2026-09-18 13:25:57,665 [INFO] (CCPP_DualPlant) [GTG2_TECH] TCS Dispatch Blocked by DCS Supervisor: OUT_OF_PHASE_CASCADE
2026-09-18 13:25:57,665 [INFO] (CCPP_DualPlant) [GTG2_TECH] INFY Dispatch Blocked by DCS Supervisor: OUT_OF_PHASE_CASCADE
2026-09-18 13:25:57,666 [INFO] (CCPP_DualPlant) [CSTG1_FIN] HDFCBANK Dispatch Blocked by DCS Supervisor: OUT_OF_PHASE_CASCADE
2026-09-18 13:25:57,666 [INFO] (CCPP_DualPlant) [CSTG1_FIN] BAJFINANCE Dispatch Blocked by DCS Supervisor: OUT_OF_PHASE_CASCADE
2026-09-18 13:25:57,666 [INFO] (CCPP_DualPlant) [CSTG2_METALS] TATASTEEL Dispatch Blocked by DCS Supervisor: OUT_OF_PHASE_CASCADE
2026-09-18 13:25:57,666 [INFO] (CCPP_DualPlant) [CSTG2_METALS] HINDALCO Dispatch Blocked by DCS Supervisor: OUT_OF_PHASE_CASCADE
2026-09-18 13:25:57,667 [INFO] (CCPP_DualPlant) [CSTG2_METALS] BEL Dispatch Blocked by DCS Supervisor: OUT_OF_PHASE_CASCADE
2026-09-18 13:26:57,713 [INFO] (CCPP_DualPlant) [GTG2_TECH] INFY Dispatch Blocked by DCS Supervisor: OUT_OF_PHASE_CASCADE
2026-09-18 13:26:57,714 [INFO] (CCPP_DualPlant) [CSTG2_METALS] TATASTEEL Dispatch Blocked by DCS Supervisor: OUT_OF_PHASE_CASCADE
2026-09-18 13:26:57,714 [INFO] (CCPP_DualPlant) [CSTG2_METALS] HINDALCO Dispatch Blocked by DCS Supervisor: OUT_OF_PHASE_CASCADE
2026-09-18 13:27:57,775 [INFO] (CCPP_DualPlant) [GTG2_TECH] INFY Dispatch Blocked by DCS Supervisor: OUT_OF_PHASE_CASCADE
2026-09-18 13:27:57,776 [INFO] (CCPP_DualPlant) [CSTG1_FIN] HDFCBANK Dispatch Blocked by DCS Supervisor: OUT_OF_PHASE_CASCADE
2026-09-18 13:27:57,776 [INFO] (CCPP_DualPlant) [CSTG1_FIN] BAJFINANCE Dispatch Blocked by DCS Supervisor: OUT_OF_PHASE_CASCADE
2026-09-18 13:27:57,776 [INFO] (CCPP_DualPlant) [CSTG2_METALS] TATASTEEL Dispatch Blocked by DCS Supervisor: OUT_OF_PHASE_CASCADE
2026-09-18 13:27:57,776 [INFO] (CCPP_DualPlant) [CSTG2_METALS] HINDALCO Dispatch Blocked by DCS Supervisor: OUT_OF_PHASE_CASCADE
2026-09-18 13:28:57,832 [INFO] (CCPP_DualPlant) [CSTG2_METALS] TATASTEEL Dispatch Blocked by DCS Supervisor: OUT_OF_PHASE_CASCADE
2026-09-18 13:28:57,832 [INFO] (CCPP_DualPlant) [CSTG2_METALS] HINDALCO Dispatch Blocked by DCS Supervisor: OUT_OF_PHASE_CASCADE
2026-09-18 13:28:57,833 [INFO] (CCPP_DualPlant) [CSTG2_METALS] BEL Dispatch Blocked by DCS Supervisor: OUT_OF_PHASE_CASCADE
2026-09-18 13:29:57,888 [INFO] (CCPP_DualPlant) [GTG2_TECH] TCS Dispatch Blocked by DCS Supervisor: OUT_OF_PHASE_CASCADE
2026-09-18 13:29:57,888 [INFO] (CCPP_DualPlant) [GTG2_TECH] INFY Dispatch Blocked by DCS Supervisor: OUT_OF_PHASE_CASCADE
2026-09-18 13:29:57,889 [INFO] (CCPP_DualPlant) [CSTG2_METALS] TATASTEEL Dispatch Blocked by DCS Supervisor: OUT_OF_PHASE_CASCADE
2026-09-18 13:29:57,889 [INFO] (CCPP_DualPlant) [CSTG2_METALS] HINDALCO Dispatch Blocked by DCS Supervisor: OUT_OF_PHASE_CASCADE
2026-09-18 13:29:57,889 [INFO] (CCPP_DualPlant) [CSTG2_METALS] BEL Dispatch Blocked by DCS Supervisor: OUT_OF_PHASE_CASCADE
2026-09-18 13:30:57,947 [INFO] (CCPP_DualPlant) [CSTG1_FIN] HDFCBANK Dispatch Blocked by DCS Supervisor: OUT_OF_PHASE_CASCADE
2026-09-18 13:30:57,948 [INFO] (CCPP_DualPlant) [CSTG1_FIN] BAJFINANCE Dispatch Blocked by DCS Supervisor: OUT_OF_PHASE_CASCADE
2026-09-18 13:30:57,948 [INFO] (CCPP_DualPlant) [CSTG2_METALS] TATASTEEL Dispatch Blocked by DCS Supervisor: OUT_OF_PHASE_CASCADE
2026-09-18 13:31:58,007 [INFO] (CCPP_DualPlant) [GTG2_TECH] TCS Dispatch Blocked by DCS Supervisor: OUT_OF_PHASE_CASCADE
2026-09-18 13:31:58,008 [INFO] (CCPP_DualPlant) [CSTG1_FIN] BAJFINANCE Dispatch Blocked by DCS Supervisor: OUT_OF_PHASE_CASCADE
2026-09-18 13:31:58,008 [INFO] (CCPP_DualPlant) [CSTG2_METALS] TATASTEEL Dispatch Blocked by DCS Supervisor: OUT_OF_PHASE_CASCADE
2026-09-18 13:32:58,062 [INFO] (CCPP_DualPlant) [CSTG2_METALS] HINDALCO Dispatch Blocked by DCS Supervisor: OUT_OF_PHASE_CASCADE
2026-09-18 13:33:58,122 [INFO] (CCPP_DualPlant) [CSTG2_METALS] TATASTEEL Dispatch Blocked by DCS Supervisor: OUT_OF_PHASE_CASCADE
2026-09-18 13:33:58,122 [INFO] (CCPP_DualPlant) [CSTG2_METALS] BEL Dispatch Blocked by DCS Supervisor: OUT_OF_PHASE_CASCADE
2026-09-18 13:34:58,177 [INFO] (CCPP_DualPlant) [GTG2_TECH] TCS Dispatch Blocked by DCS Supervisor: OUT_OF_PHASE_CASCADE
2026-09-18 13:34:58,177 [INFO] (CCPP_DualPlant) [GTG2_TECH] INFY Dispatch Blocked by DCS Supervisor: OUT_OF_PHASE_CASCADE
2026-09-18 13:34:58,178 [INFO] (CCPP_DualPlant) [CSTG1_FIN] HDFCBANK Dispatch Blocked by DCS Supervisor: OUT_OF_PHASE_CASCADE
2026-09-18 13:34:58,178 [INFO] (CCPP_DualPlant) [CSTG1_FIN] BAJFINANCE Dispatch Blocked by DCS Supervisor: OUT_OF_PHASE_CASCADE
2026-09-18 13:34:58,179 [INFO] (CCPP_DualPlant) [CSTG2_METALS] HINDALCO Dispatch Blocked by DCS Supervisor: OUT_OF_PHASE_CASCADE
2026-09-18 13:35:58,226 [INFO] (CCPP_DualPlant) [GTG2_TECH] TCS Dispatch Blocked by DCS Supervisor: OUT_OF_PHASE_CASCADE
2026-09-18 13:35:58,227 [INFO] (CCPP_DualPlant) [GTG2_TECH] INFY Dispatch Blocked by DCS Supervisor: OUT_OF_PHASE_CASCADE
2026-09-18 13:35:58,227 [INFO] (CCPP_DualPlant) [CSTG1_FIN] BAJFINANCE Dispatch Blocked by DCS Supervisor: OUT_OF_PHASE_CASCADE
2026-09-18 13:35:58,227 [INFO] (CCPP_DualPlant) [CSTG2_METALS] TATASTEEL Dispatch Blocked by DCS Supervisor: OUT_OF_PHASE_CASCADE
2026-09-18 13:35:58,227 [INFO] (CCPP_DualPlant) [CSTG2_METALS] HINDALCO Dispatch Blocked by DCS Supervisor: OUT_OF_PHASE_CASCADE
2026-09-18 13:35:58,227 [INFO] (CCPP_DualPlant) [CSTG2_METALS] BEL Dispatch Blocked by DCS Supervisor: OUT_OF_PHASE_CASCADE
2026-09-18 13:36:58,289 [INFO] (CCPP_DualPlant) [CSTG2_METALS] TATASTEEL Dispatch Blocked by DCS Supervisor: OUT_OF_PHASE_CASCADE
2026-09-18 13:36:58,289 [INFO] (CCPP_DualPlant) [CSTG2_METALS] HINDALCO Dispatch Blocked by DCS Supervisor: OUT_OF_PHASE_CASCADE
2026-09-18 13:36:58,289 [INFO] (CCPP_DualPlant) [CSTG2_METALS] BEL Dispatch Blocked by DCS Supervisor: OUT_OF_PHASE_CASCADE
2026-09-18 13:37:58,344 [INFO] (CCPP_DualPlant) [CSTG2_METALS] TATASTEEL Dispatch Blocked by DCS Supervisor: OUT_OF_PHASE_CASCADE
2026-09-18 13:37:58,344 [INFO] (CCPP_DualPlant) [CSTG2_METALS] HINDALCO Dispatch Blocked by DCS Supervisor: OUT_OF_PHASE_CASCADE
2026-09-18 13:38:58,399 [INFO] (CCPP_DualPlant) [CSTG2_METALS] HINDALCO Dispatch Blocked by DCS Supervisor: OUT_OF_PHASE_CASCADE
