2026-09-18 15:10:08,598 - [zerodha_kite_live_adapter] - INFO - ✓ Kite connection verified | Account: CE2003
2026-09-18 15:10:08,598 - [zerodha_kite_live_adapter] - INFO - ✓ Zerodha Kite adapter initialized (API: f5qmn3ug0i...)
2026-09-18 15:10:08,606 - [__main__] - INFO - ✓ State database initialized: paper_trading_state.db
2026-09-18 15:10:08,607 - [__main__] - INFO - ✓ Recovered 6 open positions from database
2026-09-18 15:10:08,608 - [__main__] - INFO - ✓ Hardened paper trading engine initialized for 8 symbols
2026-09-18 15:10:08,608 - [__main__] - INFO - ✓ Open positions recovered: 6
2026-09-18 15:10:08,608 - [__main__] - INFO - 🚀 Starting continuous execution...
2026-09-18 15:10:08,609 - [__main__] - INFO - Starting continuous execution (interval: 60s)
2026-09-18 15:10:08,609 - [__main__] - INFO - Press Ctrl+C to stop

2026-09-18 15:10:08,609 - [__main__] - INFO - [Cycle 1]
2026-09-18 15:10:08,610 - [__main__] - INFO - ======================================================================
2026-09-18 15:10:08,610 - [__main__] - INFO - CYCLE STARTED: 2026-09-18 15:10:08 IST
2026-09-18 15:10:08,611 - [zerodha_kite_live_adapter] - INFO - Downloading instrument master from Kite (first time)...
2026-09-18 15:10:11,487 - [zerodha_kite_live_adapter] - INFO - ✓ Cached 10130 NSE equity symbols
2026-09-18 15:10:11,622 - [zerodha_kite_live_adapter] - INFO - ✓ Fetched 100 candles for RELIANCE (2d lookback)
2026-09-18 15:10:11,796 - [zerodha_kite_live_adapter] - INFO - ✓ Fetched 100 candles for TCS (2d lookback)
2026-09-18 15:10:11,963 - [zerodha_kite_live_adapter] - INFO - ✓ Fetched 100 candles for INFY (2d lookback)
2026-09-18 15:10:12,121 - [zerodha_kite_live_adapter] - INFO - ✓ Fetched 100 candles for HDFCBANK (2d lookback)
2026-09-18 15:10:12,242 - [zerodha_kite_live_adapter] - INFO - ✓ Fetched 100 candles for ICICIBANK (2d lookback)
2026-09-18 15:10:12,352 - [zerodha_kite_live_adapter] - INFO - ✓ Fetched 100 candles for SBIN (2d lookback)
2026-09-18 15:10:12,468 - [zerodha_kite_live_adapter] - INFO - ✓ Fetched 100 candles for MARUTI (2d lookback)
2026-09-18 15:10:12,594 - [zerodha_kite_live_adapter] - INFO - ✓ Fetched 100 candles for LT (2d lookback)
2026-09-18 15:10:12,594 - [__main__] - INFO - ✓ Fetched data for 8 symbols
2026-09-18 15:10:12,595 - [__main__] - INFO - ✓ Generated 0 signals
2026-09-18 15:10:12,595 - [__main__] - INFO - ℹ️  No signals to execute
2026-09-18 15:10:12,596 - [__main__] - INFO - 📊 Circuit Breaker Status: {'is_broken': False, 'daily_pnl': 0.0, 'max_allowed_loss': -10000.0, 'remaining_loss_budget': -10000.0}
2026-09-18 15:10:12,596 - [__main__] - INFO - 📈 Open Positions: 6
2026-09-18 15:10:12,596 - [__main__] - INFO - CYCLE COMPLETED: 2026-09-18 15:10:12 IST
2026-09-18 15:10:12,596 - [__main__] - INFO - ======================================================================

2026-09-18 15:10:12,596 - [__main__] - INFO - Waiting 60s until next cycle...
2026-09-18 15:11:12,597 - [__main__] - INFO - [Cycle 2]
2026-09-18 15:11:12,597 - [__main__] - INFO - ======================================================================
2026-09-18 15:11:12,598 - [__main__] - INFO - CYCLE STARTED: 2026-09-18 15:11:12 IST
2026-09-18 15:11:12,731 - [zerodha_kite_live_adapter] - INFO - ✓ Fetched 100 candles for RELIANCE (2d lookback)
2026-09-18 15:11:12,827 - [zerodha_kite_live_adapter] - INFO - ✓ Fetched 100 candles for TCS (2d lookback)
2026-09-18 15:11:12,950 - [zerodha_kite_live_adapter] - INFO - ✓ Fetched 100 candles for INFY (2d lookback)
2026-09-18 15:11:13,057 - [zerodha_kite_live_adapter] - INFO - ✓ Fetched 100 candles for HDFCBANK (2d lookback)
2026-09-18 15:11:13,170 - [zerodha_kite_live_adapter] - INFO - ✓ Fetched 100 candles for ICICIBANK (2d lookback)
2026-09-18 15:11:13,276 - [zerodha_kite_live_adapter] - INFO - ✓ Fetched 100 candles for SBIN (2d lookback)
2026-09-18 15:11:13,420 - [zerodha_kite_live_adapter] - INFO - ✓ Fetched 100 candles for MARUTI (2d lookback)
2026-09-18 15:11:13,559 - [zerodha_kite_live_adapter] - INFO - ✓ Fetched 100 candles for LT (2d lookback)
2026-09-18 15:11:13,560 - [__main__] - INFO - ✓ Fetched data for 8 symbols
2026-09-18 15:11:13,566 - [__main__] - INFO - ✓ Generated 1 signals
2026-09-18 15:11:13,566 - [__main__] - INFO - Signal → SELL 1 ICICIBANK @ ₹1340.80
2026-09-18 15:11:13,567 - [zerodha_kite_live_adapter] - INFO - Paper order: PAPER_1789724473567 | SELL 1 ICICIBANK @ ₹1340.8
2026-09-18 15:11:13,568 - [__main__] - INFO - ✓ Position closed: ICICIBANK | P&L: ₹-5.24 | Reason: SIGNAL_CLOSE
2026-09-18 15:11:13,579 - [__main__] - INFO - ✓ SELL recorded: ICICIBANK | P&L: ₹-5.24
2026-09-18 15:11:13,580 - [__main__] - INFO - ✓ Executed 1 orders
2026-09-18 15:11:13,580 - [__main__] - INFO - 📊 Circuit Breaker Status: {'is_broken': False, 'daily_pnl': -5.240000000000009, 'max_allowed_loss': -10000.0, 'remaining_loss_budget': -9994.76}
2026-09-18 15:11:13,581 - [__main__] - INFO - 📈 Open Positions: 5
2026-09-18 15:11:13,581 - [__main__] - INFO - CYCLE COMPLETED: 2026-09-18 15:11:13 IST
2026-09-18 15:11:13,581 - [__main__] - INFO - ======================================================================

2026-09-18 15:11:13,581 - [__main__] - INFO - Waiting 60s until next cycle...
2026-09-18 15:12:13,582 - [__main__] - INFO - [Cycle 3]
2026-09-18 15:12:13,582 - [__main__] - INFO - ======================================================================
2026-09-18 15:12:13,583 - [__main__] - INFO - CYCLE STARTED: 2026-09-18 15:12:13 IST
2026-09-18 15:12:13,693 - [zerodha_kite_live_adapter] - INFO - ✓ Fetched 100 candles for RELIANCE (2d lookback)
2026-09-18 15:12:13,803 - [zerodha_kite_live_adapter] - INFO - ✓ Fetched 100 candles for TCS (2d lookback)
2026-09-18 15:12:13,927 - [zerodha_kite_live_adapter] - INFO - ✓ Fetched 100 candles for INFY (2d lookback)
2026-09-18 15:12:14,042 - [zerodha_kite_live_adapter] - INFO - ✓ Fetched 100 candles for HDFCBANK (2d lookback)
2026-09-18 15:12:14,156 - [zerodha_kite_live_adapter] - INFO - ✓ Fetched 100 candles for ICICIBANK (2d lookback)
2026-09-18 15:12:14,267 - [zerodha_kite_live_adapter] - INFO - ✓ Fetched 100 candles for SBIN (2d lookback)
2026-09-18 15:12:14,379 - [zerodha_kite_live_adapter] - INFO - ✓ Fetched 100 candles for MARUTI (2d lookback)
2026-09-18 15:12:14,493 - [zerodha_kite_live_adapter] - INFO - ✓ Fetched 100 candles for LT (2d lookback)
2026-09-18 15:12:14,493 - [__main__] - INFO - ✓ Fetched data for 8 symbols
2026-09-18 15:12:14,494 - [__main__] - INFO - ✓ Generated 0 signals
2026-09-18 15:12:14,494 - [__main__] - INFO - ℹ️  No signals to execute
2026-09-18 15:12:14,495 - [__main__] - INFO - 📊 Circuit Breaker Status: {'is_broken': False, 'daily_pnl': -5.240000000000009, 'max_allowed_loss': -10000.0, 'remaining_loss_budget': -9994.76}
2026-09-18 15:12:14,495 - [__main__] - INFO - 📈 Open Positions: 5
2026-09-18 15:12:14,495 - [__main__] - INFO - CYCLE COMPLETED: 2026-09-18 15:12:14 IST
2026-09-18 15:12:14,495 - [__main__] - INFO - ======================================================================

2026-09-18 15:12:14,495 - [__main__] - INFO - Waiting 60s until next cycle...
2026-09-18 15:13:14,496 - [__main__] - INFO - [Cycle 4]
2026-09-18 15:13:14,496 - [__main__] - INFO - ======================================================================
2026-09-18 15:13:14,497 - [__main__] - INFO - CYCLE STARTED: 2026-09-18 15:13:14 IST
2026-09-18 15:13:14,621 - [zerodha_kite_live_adapter] - INFO - ✓ Fetched 100 candles for RELIANCE (2d lookback)
2026-09-18 15:13:14,779 - [zerodha_kite_live_adapter] - INFO - ✓ Fetched 100 candles for TCS (2d lookback)
2026-09-18 15:13:14,906 - [zerodha_kite_live_adapter] - INFO - ✓ Fetched 100 candles for INFY (2d lookback)
2026-09-18 15:13:15,029 - [zerodha_kite_live_adapter] - INFO - ✓ Fetched 100 candles for HDFCBANK (2d lookback)
2026-09-18 15:13:15,150 - [zerodha_kite_live_adapter] - INFO - ✓ Fetched 100 candles for ICICIBANK (2d lookback)
2026-09-18 15:13:15,264 - [zerodha_kite_live_adapter] - INFO - ✓ Fetched 100 candles for SBIN (2d lookback)
2026-09-18 15:13:15,390 - [zerodha_kite_live_adapter] - INFO - ✓ Fetched 100 candles for MARUTI (2d lookback)
2026-09-18 15:13:15,508 - [zerodha_kite_live_adapter] - INFO - ✓ Fetched 100 candles for LT (2d lookback)
2026-09-18 15:13:15,509 - [__main__] - INFO - ✓ Fetched data for 8 symbols
2026-09-18 15:13:15,509 - [__main__] - INFO - ✓ Generated 0 signals
2026-09-18 15:13:15,509 - [__main__] - INFO - ℹ️  No signals to execute
2026-09-18 15:13:15,510 - [__main__] - INFO - 📊 Circuit Breaker Status: {'is_broken': False, 'daily_pnl': -5.240000000000009, 'max_allowed_loss': -10000.0, 'remaining_loss_budget': -9994.76}
2026-09-18 15:13:15,510 - [__main__] - INFO - 📈 Open Positions: 5
2026-09-18 15:13:15,510 - [__main__] - INFO - CYCLE COMPLETED: 2026-09-18 15:13:15 IST
2026-09-18 15:13:15,510 - [__main__] - INFO - ======================================================================

2026-09-18 15:13:15,510 - [__main__] - INFO - Waiting 60s until next cycle...
2026-09-18 15:14:15,511 - [__main__] - INFO - [Cycle 5]
2026-09-18 15:14:15,511 - [__main__] - INFO - ======================================================================
2026-09-18 15:14:15,512 - [__main__] - INFO - CYCLE STARTED: 2026-09-18 15:14:15 IST
2026-09-18 15:14:15,626 - [zerodha_kite_live_adapter] - INFO - ✓ Fetched 100 candles for RELIANCE (2d lookback)
2026-09-18 15:14:15,742 - [zerodha_kite_live_adapter] - INFO - ✓ Fetched 100 candles for TCS (2d lookback)
2026-09-18 15:14:15,855 - [zerodha_kite_live_adapter] - INFO - ✓ Fetched 100 candles for INFY (2d lookback)
2026-09-18 15:14:15,964 - [zerodha_kite_live_adapter] - INFO - ✓ Fetched 100 candles for HDFCBANK (2d lookback)
2026-09-18 15:14:16,098 - [zerodha_kite_live_adapter] - INFO - ✓ Fetched 100 candles for ICICIBANK (2d lookback)
2026-09-18 15:14:16,218 - [zerodha_kite_live_adapter] - INFO - ✓ Fetched 100 candles for SBIN (2d lookback)
2026-09-18 15:14:16,329 - [zerodha_kite_live_adapter] - INFO - ✓ Fetched 100 candles for MARUTI (2d lookback)
2026-09-18 15:14:16,454 - [zerodha_kite_live_adapter] - INFO - ✓ Fetched 100 candles for LT (2d lookback)
2026-09-18 15:14:16,455 - [__main__] - INFO - ✓ Fetched data for 8 symbols
2026-09-18 15:14:16,455 - [__main__] - INFO - ✓ Generated 1 signals
2026-09-18 15:14:16,456 - [__main__] - INFO - Signal → BUY 1 SBIN @ ₹993.60
2026-09-18 15:14:16,456 - [zerodha_kite_live_adapter] - INFO - Paper order: PAPER_1789724656456 | BUY 1 SBIN @ ₹993.6
2026-09-18 15:14:16,469 - [__main__] - INFO - ✓ BUY recorded: SBIN @ ₹993.60 | DB: ✓ Dict: ✓
2026-09-18 15:14:16,470 - [__main__] - INFO - ✓ Executed 1 orders
2026-09-18 15:14:16,471 - [__main__] - INFO - 📊 Circuit Breaker Status: {'is_broken': False, 'daily_pnl': -5.240000000000009, 'max_allowed_loss': -10000.0, 'remaining_loss_budget': -9994.76}
2026-09-18 15:14:16,471 - [__main__] - INFO - 📈 Open Positions: 5
2026-09-18 15:14:16,471 - [__main__] - INFO - CYCLE COMPLETED: 2026-09-18 15:14:16 IST
2026-09-18 15:14:16,471 - [__main__] - INFO - ======================================================================

2026-09-18 15:14:16,471 - [__main__] - INFO - Waiting 60s until next cycle...
2026-09-18 15:15:16,471 - [__main__] - INFO - [Cycle 6]
2026-09-18 15:15:16,472 - [__main__] - INFO - ======================================================================
2026-09-18 15:15:16,473 - [__main__] - INFO - CYCLE STARTED: 2026-09-18 15:15:16 IST
2026-09-18 15:15:16,612 - [zerodha_kite_live_adapter] - INFO - ✓ Fetched 100 candles for RELIANCE (2d lookback)
2026-09-18 15:15:16,733 - [zerodha_kite_live_adapter] - INFO - ✓ Fetched 100 candles for TCS (2d lookback)
2026-09-18 15:15:16,852 - [zerodha_kite_live_adapter] - INFO - ✓ Fetched 100 candles for INFY (2d lookback)
2026-09-18 15:15:16,981 - [zerodha_kite_live_adapter] - INFO - ✓ Fetched 100 candles for HDFCBANK (2d lookback)
2026-09-18 15:15:17,112 - [zerodha_kite_live_adapter] - INFO - ✓ Fetched 100 candles for ICICIBANK (2d lookback)
2026-09-18 15:15:17,216 - [zerodha_kite_live_adapter] - INFO - ✓ Fetched 100 candles for SBIN (2d lookback)
2026-09-18 15:15:17,340 - [zerodha_kite_live_adapter] - INFO - ✓ Fetched 100 candles for MARUTI (2d lookback)
2026-09-18 15:15:17,450 - [zerodha_kite_live_adapter] - INFO - ✓ Fetched 100 candles for LT (2d lookback)
2026-09-18 15:15:17,450 - [__main__] - INFO - ✓ Fetched data for 8 symbols
2026-09-18 15:15:17,451 - [__main__] - INFO - ✓ Generated 0 signals
2026-09-18 15:15:17,451 - [__main__] - INFO - ℹ️  No signals to execute
2026-09-18 15:15:17,452 - [__main__] - INFO - 📊 Circuit Breaker Status: {'is_broken': False, 'daily_pnl': -5.240000000000009, 'max_allowed_loss': -10000.0, 'remaining_loss_budget': -9994.76}
2026-09-18 15:15:17,452 - [__main__] - INFO - 📈 Open Positions: 5
2026-09-18 15:15:17,452 - [__main__] - INFO - CYCLE COMPLETED: 2026-09-18 15:15:17 IST
2026-09-18 15:15:17,452 - [__main__] - INFO - ======================================================================

2026-09-18 15:15:17,452 - [__main__] - INFO - Waiting 60s until next cycle...
2026-09-18 15:16:17,453 - [__main__] - INFO - [Cycle 7]
2026-09-18 15:16:17,453 - [__main__] - INFO - ======================================================================
2026-09-18 15:16:17,454 - [__main__] - INFO - CYCLE STARTED: 2026-09-18 15:16:17 IST
2026-09-18 15:16:17,567 - [zerodha_kite_live_adapter] - INFO - ✓ Fetched 100 candles for RELIANCE (2d lookback)
2026-09-18 15:16:17,705 - [zerodha_kite_live_adapter] - INFO - ✓ Fetched 100 candles for TCS (2d lookback)
2026-09-18 15:16:17,835 - [zerodha_kite_live_adapter] - INFO - ✓ Fetched 100 candles for INFY (2d lookback)
2026-09-18 15:16:17,956 - [zerodha_kite_live_adapter] - INFO - ✓ Fetched 100 candles for HDFCBANK (2d lookback)
2026-09-18 15:16:18,057 - [zerodha_kite_live_adapter] - INFO - ✓ Fetched 100 candles for ICICIBANK (2d lookback)
2026-09-18 15:16:18,164 - [zerodha_kite_live_adapter] - INFO - ✓ Fetched 100 candles for SBIN (2d lookback)
2026-09-18 15:16:18,283 - [zerodha_kite_live_adapter] - INFO - ✓ Fetched 100 candles for MARUTI (2d lookback)
2026-09-18 15:16:18,403 - [zerodha_kite_live_adapter] - INFO - ✓ Fetched 100 candles for LT (2d lookback)
2026-09-18 15:16:18,403 - [__main__] - INFO - ✓ Fetched data for 8 symbols
2026-09-18 15:16:18,404 - [__main__] - INFO - ✓ Generated 0 signals
2026-09-18 15:16:18,404 - [__main__] - INFO - ℹ️  No signals to execute
2026-09-18 15:16:18,405 - [__main__] - INFO - 📊 Circuit Breaker Status: {'is_broken': False, 'daily_pnl': -5.240000000000009, 'max_allowed_loss': -10000.0, 'remaining_loss_budget': -9994.76}
2026-09-18 15:16:18,405 - [__main__] - INFO - 📈 Open Positions: 5
2026-09-18 15:16:18,405 - [__main__] - INFO - CYCLE COMPLETED: 2026-09-18 15:16:18 IST
2026-09-18 15:16:18,405 - [__main__] - INFO - ======================================================================

2026-09-18 15:16:18,406 - [__main__] - INFO - Waiting 60s until next cycle...
2026-09-18 15:17:18,406 - [__main__] - INFO - [Cycle 8]
2026-09-18 15:17:18,406 - [__main__] - INFO - ======================================================================
2026-09-18 15:17:18,407 - [__main__] - INFO - CYCLE STARTED: 2026-09-18 15:17:18 IST
2026-09-18 15:17:18,518 - [zerodha_kite_live_adapter] - INFO - ✓ Fetched 100 candles for RELIANCE (2d lookback)
2026-09-18 15:17:18,650 - [zerodha_kite_live_adapter] - INFO - ✓ Fetched 100 candles for TCS (2d lookback)
2026-09-18 15:17:18,769 - [zerodha_kite_live_adapter] - INFO - ✓ Fetched 100 candles for INFY (2d lookback)
2026-09-18 15:17:18,896 - [zerodha_kite_live_adapter] - INFO - ✓ Fetched 100 candles for HDFCBANK (2d lookback)
2026-09-18 15:17:19,022 - [zerodha_kite_live_adapter] - INFO - ✓ Fetched 100 candles for ICICIBANK (2d lookback)
2026-09-18 15:17:19,131 - [zerodha_kite_live_adapter] - INFO - ✓ Fetched 100 candles for SBIN (2d lookback)
2026-09-18 15:17:19,254 - [zerodha_kite_live_adapter] - INFO - ✓ Fetched 100 candles for MARUTI (2d lookback)
2026-09-18 15:17:19,365 - [zerodha_kite_live_adapter] - INFO - ✓ Fetched 100 candles for LT (2d lookback)
2026-09-18 15:17:19,365 - [__main__] - INFO - ✓ Fetched data for 8 symbols
2026-09-18 15:17:19,366 - [__main__] - INFO - ✓ Generated 0 signals
2026-09-18 15:17:19,366 - [__main__] - INFO - ℹ️  No signals to execute
2026-09-18 15:17:19,367 - [__main__] - INFO - 📊 Circuit Breaker Status: {'is_broken': False, 'daily_pnl': -5.240000000000009, 'max_allowed_loss': -10000.0, 'remaining_loss_budget': -9994.76}
2026-09-18 15:17:19,367 - [__main__] - INFO - 📈 Open Positions: 5
2026-09-18 15:17:19,367 - [__main__] - INFO - CYCLE COMPLETED: 2026-09-18 15:17:19 IST
2026-09-18 15:17:19,367 - [__main__] - INFO - ======================================================================

2026-09-18 15:17:19,368 - [__main__] - INFO - Waiting 60s until next cycle...
2026-09-18 15:18:19,368 - [__main__] - INFO - [Cycle 9]
2026-09-18 15:18:19,368 - [__main__] - INFO - ======================================================================
2026-09-18 15:18:19,369 - [__main__] - INFO - CYCLE STARTED: 2026-09-18 15:18:19 IST
2026-09-18 15:18:19,496 - [zerodha_kite_live_adapter] - INFO - ✓ Fetched 100 candles for RELIANCE (2d lookback)
2026-09-18 15:18:19,624 - [zerodha_kite_live_adapter] - INFO - ✓ Fetched 100 candles for TCS (2d lookback)
2026-09-18 15:18:19,735 - [zerodha_kite_live_adapter] - INFO - ✓ Fetched 100 candles for INFY (2d lookback)
2026-09-18 15:18:19,852 - [zerodha_kite_live_adapter] - INFO - ✓ Fetched 100 candles for HDFCBANK (2d lookback)
2026-09-18 15:18:19,977 - [zerodha_kite_live_adapter] - INFO - ✓ Fetched 100 candles for ICICIBANK (2d lookback)
2026-09-18 15:18:20,090 - [zerodha_kite_live_adapter] - INFO - ✓ Fetched 100 candles for SBIN (2d lookback)
2026-09-18 15:18:20,197 - [zerodha_kite_live_adapter] - INFO - ✓ Fetched 100 candles for MARUTI (2d lookback)
2026-09-18 15:18:20,322 - [zerodha_kite_live_adapter] - INFO - ✓ Fetched 100 candles for LT (2d lookback)
2026-09-18 15:18:20,322 - [__main__] - INFO - ✓ Fetched data for 8 symbols
2026-09-18 15:18:20,322 - [__main__] - INFO - ✓ Generated 0 signals
2026-09-18 15:18:20,323 - [__main__] - INFO - ℹ️  No signals to execute
2026-09-18 15:18:20,323 - [__main__] - INFO - 📊 Circuit Breaker Status: {'is_broken': False, 'daily_pnl': -5.240000000000009, 'max_allowed_loss': -10000.0, 'remaining_loss_budget': -9994.76}
2026-09-18 15:18:20,323 - [__main__] - INFO - 📈 Open Positions: 5
2026-09-18 15:18:20,324 - [__main__] - INFO - CYCLE COMPLETED: 2026-09-18 15:18:20 IST
2026-09-18 15:18:20,324 - [__main__] - INFO - ======================================================================

2026-09-18 15:18:20,324 - [__main__] - INFO - Waiting 60s until next cycle...
2026-09-18 15:19:20,325 - [__main__] - INFO - [Cycle 10]
2026-09-18 15:19:20,325 - [__main__] - INFO - ======================================================================
2026-09-18 15:19:20,326 - [__main__] - INFO - CYCLE STARTED: 2026-09-18 15:19:20 IST
2026-09-18 15:19:20,477 - [zerodha_kite_live_adapter] - INFO - ✓ Fetched 100 candles for RELIANCE (2d lookback)
2026-09-18 15:19:20,608 - [zerodha_kite_live_adapter] - INFO - ✓ Fetched 100 candles for TCS (2d lookback)
2026-09-18 15:19:20,720 - [zerodha_kite_live_adapter] - INFO - ✓ Fetched 100 candles for INFY (2d lookback)
2026-09-18 15:19:20,846 - [zerodha_kite_live_adapter] - INFO - ✓ Fetched 100 candles for HDFCBANK (2d lookback)
2026-09-18 15:19:20,964 - [zerodha_kite_live_adapter] - INFO - ✓ Fetched 100 candles for ICICIBANK (2d lookback)
2026-09-18 15:19:21,071 - [zerodha_kite_live_adapter] - INFO - ✓ Fetched 100 candles for SBIN (2d lookback)
2026-09-18 15:19:21,195 - [zerodha_kite_live_adapter] - INFO - ✓ Fetched 100 candles for MARUTI (2d lookback)
2026-09-18 15:19:21,341 - [zerodha_kite_live_adapter] - INFO - ✓ Fetched 100 candles for LT (2d lookback)
2026-09-18 15:19:21,341 - [__main__] - INFO - ✓ Fetched data for 8 symbols
2026-09-18 15:19:21,342 - [__main__] - INFO - ✓ Generated 0 signals
2026-09-18 15:19:21,342 - [__main__] - INFO - ℹ️  No signals to execute
2026-09-18 15:19:21,342 - [__main__] - INFO - 📊 Circuit Breaker Status: {'is_broken': False, 'daily_pnl': -5.240000000000009, 'max_allowed_loss': -10000.0, 'remaining_loss_budget': -9994.76}
2026-09-18 15:19:21,343 - [__main__] - INFO - 📈 Open Positions: 5
2026-09-18 15:19:21,343 - [__main__] - INFO - CYCLE COMPLETED: 2026-09-18 15:19:21 IST
2026-09-18 15:19:21,343 - [__main__] - INFO - ======================================================================

2026-09-18 15:19:21,343 - [__main__] - INFO - Waiting 60s until next cycle...
2026-09-18 15:20:21,344 - [__main__] - INFO - [Cycle 11]
2026-09-18 15:20:21,344 - [__main__] - INFO - ======================================================================
2026-09-18 15:20:21,345 - [__main__] - INFO - CYCLE STARTED: 2026-09-18 15:20:21 IST
2026-09-18 15:20:21,499 - [zerodha_kite_live_adapter] - INFO - ✓ Fetched 100 candles for RELIANCE (2d lookback)
2026-09-18 15:20:21,620 - [zerodha_kite_live_adapter] - INFO - ✓ Fetched 100 candles for TCS (2d lookback)
2026-09-18 15:20:21,744 - [zerodha_kite_live_adapter] - INFO - ✓ Fetched 100 candles for INFY (2d lookback)
2026-09-18 15:20:21,866 - [zerodha_kite_live_adapter] - INFO - ✓ Fetched 100 candles for HDFCBANK (2d lookback)
2026-09-18 15:20:21,999 - [zerodha_kite_live_adapter] - INFO - ✓ Fetched 100 candles for ICICIBANK (2d lookback)
2026-09-18 15:20:22,133 - [zerodha_kite_live_adapter] - INFO - ✓ Fetched 100 candles for SBIN (2d lookback)
2026-09-18 15:20:22,237 - [zerodha_kite_live_adapter] - INFO - ✓ Fetched 100 candles for MARUTI (2d lookback)
2026-09-18 15:20:22,347 - [zerodha_kite_live_adapter] - INFO - ✓ Fetched 100 candles for LT (2d lookback)
2026-09-18 15:20:22,347 - [__main__] - INFO - ✓ Fetched data for 8 symbols
2026-09-18 15:20:22,347 - [__main__] - INFO - ✓ Generated 0 signals
2026-09-18 15:20:22,347 - [__main__] - INFO - ℹ️  No signals to execute
2026-09-18 15:20:22,348 - [__main__] - INFO - 📊 Circuit Breaker Status: {'is_broken': False, 'daily_pnl': -5.240000000000009, 'max_allowed_loss': -10000.0, 'remaining_loss_budget': -9994.76}
2026-09-18 15:20:22,348 - [__main__] - INFO - 📈 Open Positions: 5
2026-09-18 15:20:22,348 - [__main__] - INFO - CYCLE COMPLETED: 2026-09-18 15:20:22 IST
2026-09-18 15:20:22,348 - [__main__] - INFO - ======================================================================

2026-09-18 15:20:22,349 - [__main__] - INFO - Waiting 60s until next cycle...
2026-09-18 15:21:22,349 - [__main__] - INFO - [Cycle 12]
2026-09-18 15:21:22,349 - [__main__] - INFO - ======================================================================
2026-09-18 15:21:22,350 - [__main__] - INFO - CYCLE STARTED: 2026-09-18 15:21:22 IST
2026-09-18 15:21:22,503 - [zerodha_kite_live_adapter] - INFO - ✓ Fetched 100 candles for RELIANCE (2d lookback)
2026-09-18 15:21:22,647 - [zerodha_kite_live_adapter] - INFO - ✓ Fetched 100 candles for TCS (2d lookback)
2026-09-18 15:21:22,768 - [zerodha_kite_live_adapter] - INFO - ✓ Fetched 100 candles for INFY (2d lookback)
2026-09-18 15:21:22,895 - [zerodha_kite_live_adapter] - INFO - ✓ Fetched 100 candles for HDFCBANK (2d lookback)
2026-09-18 15:21:23,038 - [zerodha_kite_live_adapter] - INFO - ✓ Fetched 100 candles for ICICIBANK (2d lookback)
2026-09-18 15:21:23,158 - [zerodha_kite_live_adapter] - INFO - ✓ Fetched 100 candles for SBIN (2d lookback)
2026-09-18 15:21:23,282 - [zerodha_kite_live_adapter] - INFO - ✓ Fetched 100 candles for MARUTI (2d lookback)
2026-09-18 15:21:23,394 - [zerodha_kite_live_adapter] - INFO - ✓ Fetched 100 candles for LT (2d lookback)
2026-09-18 15:21:23,394 - [__main__] - INFO - ✓ Fetched data for 8 symbols
2026-09-18 15:21:23,395 - [__main__] - INFO - ✓ Generated 0 signals
2026-09-18 15:21:23,395 - [__main__] - INFO - ℹ️  No signals to execute
2026-09-18 15:21:23,396 - [__main__] - INFO - 📊 Circuit Breaker Status: {'is_broken': False, 'daily_pnl': -5.240000000000009, 'max_allowed_loss': -10000.0, 'remaining_loss_budget': -9994.76}
2026-09-18 15:21:23,396 - [__main__] - INFO - 📈 Open Positions: 5
2026-09-18 15:21:23,396 - [__main__] - INFO - CYCLE COMPLETED: 2026-09-18 15:21:23 IST
2026-09-18 15:21:23,396 - [__main__] - INFO - ======================================================================

2026-09-18 15:21:23,396 - [__main__] - INFO - Waiting 60s until next cycle...
2026-09-18 15:22:23,397 - [__main__] - INFO - [Cycle 13]
2026-09-18 15:22:23,397 - [__main__] - INFO - ======================================================================
2026-09-18 15:22:23,398 - [__main__] - INFO - CYCLE STARTED: 2026-09-18 15:22:23 IST
2026-09-18 15:22:23,534 - [zerodha_kite_live_adapter] - INFO - ✓ Fetched 100 candles for RELIANCE (2d lookback)
2026-09-18 15:22:23,671 - [zerodha_kite_live_adapter] - INFO - ✓ Fetched 100 candles for TCS (2d lookback)
2026-09-18 15:22:23,787 - [zerodha_kite_live_adapter] - INFO - ✓ Fetched 100 candles for INFY (2d lookback)
2026-09-18 15:22:23,902 - [zerodha_kite_live_adapter] - INFO - ✓ Fetched 100 candles for HDFCBANK (2d lookback)
2026-09-18 15:22:24,036 - [zerodha_kite_live_adapter] - INFO - ✓ Fetched 100 candles for ICICIBANK (2d lookback)
2026-09-18 15:22:24,162 - [zerodha_kite_live_adapter] - INFO - ✓ Fetched 100 candles for SBIN (2d lookback)
2026-09-18 15:22:24,271 - [zerodha_kite_live_adapter] - INFO - ✓ Fetched 100 candles for MARUTI (2d lookback)
2026-09-18 15:22:24,393 - [zerodha_kite_live_adapter] - INFO - ✓ Fetched 100 candles for LT (2d lookback)
2026-09-18 15:22:24,394 - [__main__] - INFO - ✓ Fetched data for 8 symbols
2026-09-18 15:22:24,394 - [__main__] - INFO - ✓ Generated 0 signals
2026-09-18 15:22:24,394 - [__main__] - INFO - ℹ️  No signals to execute
2026-09-18 15:22:24,395 - [__main__] - INFO - 📊 Circuit Breaker Status: {'is_broken': False, 'daily_pnl': -5.240000000000009, 'max_allowed_loss': -10000.0, 'remaining_loss_budget': -9994.76}
2026-09-18 15:22:24,395 - [__main__] - INFO - 📈 Open Positions: 5
2026-09-18 15:22:24,395 - [__main__] - INFO - CYCLE COMPLETED: 2026-09-18 15:22:24 IST
2026-09-18 15:22:24,396 - [__main__] - INFO - ======================================================================

2026-09-18 15:22:24,396 - [__main__] - INFO - Waiting 60s until next cycle...
2026-09-18 15:23:24,396 - [__main__] - INFO - [Cycle 14]
2026-09-18 15:23:24,397 - [__main__] - INFO - ======================================================================
2026-09-18 15:23:24,398 - [__main__] - INFO - CYCLE STARTED: 2026-09-18 15:23:24 IST
2026-09-18 15:23:24,546 - [zerodha_kite_live_adapter] - INFO - ✓ Fetched 100 candles for RELIANCE (2d lookback)
2026-09-18 15:23:24,663 - [zerodha_kite_live_adapter] - INFO - ✓ Fetched 100 candles for TCS (2d lookback)
2026-09-18 15:23:24,768 - [zerodha_kite_live_adapter] - INFO - ✓ Fetched 100 candles for INFY (2d lookback)
2026-09-18 15:23:24,900 - [zerodha_kite_live_adapter] - INFO - ✓ Fetched 100 candles for HDFCBANK (2d lookback)
2026-09-18 15:23:25,023 - [zerodha_kite_live_adapter] - INFO - ✓ Fetched 100 candles for ICICIBANK (2d lookback)
2026-09-18 15:23:25,130 - [zerodha_kite_live_adapter] - INFO - ✓ Fetched 100 candles for SBIN (2d lookback)
2026-09-18 15:23:25,263 - [zerodha_kite_live_adapter] - INFO - ✓ Fetched 100 candles for MARUTI (2d lookback)
2026-09-18 15:23:25,371 - [zerodha_kite_live_adapter] - INFO - ✓ Fetched 100 candles for LT (2d lookback)
2026-09-18 15:23:25,371 - [__main__] - INFO - ✓ Fetched data for 8 symbols
2026-09-18 15:23:25,372 - [__main__] - INFO - ✓ Generated 0 signals
2026-09-18 15:23:25,372 - [__main__] - INFO - ℹ️  No signals to execute
2026-09-18 15:23:25,373 - [__main__] - INFO - 📊 Circuit Breaker Status: {'is_broken': False, 'daily_pnl': -5.240000000000009, 'max_allowed_loss': -10000.0, 'remaining_loss_budget': -9994.76}
2026-09-18 15:23:25,373 - [__main__] - INFO - 📈 Open Positions: 5
2026-09-18 15:23:25,373 - [__main__] - INFO - CYCLE COMPLETED: 2026-09-18 15:23:25 IST
2026-09-18 15:23:25,373 - [__main__] - INFO - ======================================================================

2026-09-18 15:23:25,373 - [__main__] - INFO - Waiting 60s until next cycle...
2026-09-18 15:24:25,374 - [__main__] - INFO - [Cycle 15]
2026-09-18 15:24:25,374 - [__main__] - INFO - ======================================================================
2026-09-18 15:24:25,375 - [__main__] - INFO - CYCLE STARTED: 2026-09-18 15:24:25 IST
2026-09-18 15:24:25,528 - [zerodha_kite_live_adapter] - INFO - ✓ Fetched 100 candles for RELIANCE (2d lookback)
2026-09-18 15:24:25,660 - [zerodha_kite_live_adapter] - INFO - ✓ Fetched 100 candles for TCS (2d lookback)
2026-09-18 15:24:25,774 - [zerodha_kite_live_adapter] - INFO - ✓ Fetched 100 candles for INFY (2d lookback)
2026-09-18 15:24:25,901 - [zerodha_kite_live_adapter] - INFO - ✓ Fetched 100 candles for HDFCBANK (2d lookback)
2026-09-18 15:24:26,029 - [zerodha_kite_live_adapter] - INFO - ✓ Fetched 100 candles for ICICIBANK (2d lookback)
2026-09-18 15:24:26,150 - [zerodha_kite_live_adapter] - INFO - ✓ Fetched 100 candles for SBIN (2d lookback)
2026-09-18 15:24:26,283 - [zerodha_kite_live_adapter] - INFO - ✓ Fetched 100 candles for MARUTI (2d lookback)
2026-09-18 15:24:26,410 - [zerodha_kite_live_adapter] - INFO - ✓ Fetched 100 candles for LT (2d lookback)
2026-09-18 15:24:26,411 - [__main__] - INFO - ✓ Fetched data for 8 symbols
2026-09-18 15:24:26,411 - [__main__] - INFO - ✓ Generated 0 signals
2026-09-18 15:24:26,411 - [__main__] - INFO - ℹ️  No signals to execute
2026-09-18 15:24:26,412 - [__main__] - INFO - 📊 Circuit Breaker Status: {'is_broken': False, 'daily_pnl': -5.240000000000009, 'max_allowed_loss': -10000.0, 'remaining_loss_budget': -9994.76}
2026-09-18 15:24:26,412 - [__main__] - INFO - 📈 Open Positions: 5
2026-09-18 15:24:26,412 - [__main__] - INFO - CYCLE COMPLETED: 2026-09-18 15:24:26 IST
2026-09-18 15:24:26,412 - [__main__] - INFO - ======================================================================

2026-09-18 15:24:26,413 - [__main__] - INFO - Waiting 60s until next cycle...
2026-09-18 15:25:26,413 - [__main__] - INFO - [Cycle 16]
2026-09-18 15:25:26,414 - [__main__] - INFO - ======================================================================
2026-09-18 15:25:26,414 - [__main__] - INFO - CYCLE STARTED: 2026-09-18 15:25:26 IST
2026-09-18 15:25:26,529 - [zerodha_kite_live_adapter] - INFO - ✓ Fetched 100 candles for RELIANCE (2d lookback)
2026-09-18 15:25:26,681 - [zerodha_kite_live_adapter] - INFO - ✓ Fetched 100 candles for TCS (2d lookback)
2026-09-18 15:25:26,798 - [zerodha_kite_live_adapter] - INFO - ✓ Fetched 100 candles for INFY (2d lookback)
2026-09-18 15:25:26,921 - [zerodha_kite_live_adapter] - INFO - ✓ Fetched 100 candles for HDFCBANK (2d lookback)
2026-09-18 15:25:27,033 - [zerodha_kite_live_adapter] - INFO - ✓ Fetched 100 candles for ICICIBANK (2d lookback)
2026-09-18 15:25:27,167 - [zerodha_kite_live_adapter] - INFO - ✓ Fetched 100 candles for SBIN (2d lookback)
2026-09-18 15:25:27,304 - [zerodha_kite_live_adapter] - INFO - ✓ Fetched 100 candles for MARUTI (2d lookback)
2026-09-18 15:25:27,449 - [zerodha_kite_live_adapter] - INFO - ✓ Fetched 100 candles for LT (2d lookback)
2026-09-18 15:25:27,449 - [__main__] - INFO - ✓ Fetched data for 8 symbols
2026-09-18 15:25:27,450 - [__main__] - INFO - ✓ Generated 0 signals
2026-09-18 15:25:27,450 - [__main__] - INFO - ℹ️  No signals to execute
2026-09-18 15:25:27,451 - [__main__] - INFO - 📊 Circuit Breaker Status: {'is_broken': False, 'daily_pnl': -5.240000000000009, 'max_allowed_loss': -10000.0, 'remaining_loss_budget': -9994.76}
2026-09-18 15:25:27,451 - [__main__] - INFO - 📈 Open Positions: 5
2026-09-18 15:25:27,451 - [__main__] - INFO - CYCLE COMPLETED: 2026-09-18 15:25:27 IST
2026-09-18 15:25:27,451 - [__main__] - INFO - ======================================================================

2026-09-18 15:25:27,451 - [__main__] - INFO - Waiting 60s until next cycle...
2026-09-18 15:26:27,452 - [__main__] - INFO - [Cycle 17]
2026-09-18 15:26:27,452 - [__main__] - INFO - ======================================================================
2026-09-18 15:26:27,453 - [__main__] - INFO - CYCLE STARTED: 2026-09-18 15:26:27 IST
2026-09-18 15:26:27,561 - [zerodha_kite_live_adapter] - INFO - ✓ Fetched 100 candles for RELIANCE (2d lookback)
2026-09-18 15:26:27,669 - [zerodha_kite_live_adapter] - INFO - ✓ Fetched 100 candles for TCS (2d lookback)
2026-09-18 15:26:27,782 - [zerodha_kite_live_adapter] - INFO - ✓ Fetched 100 candles for INFY (2d lookback)
2026-09-18 15:26:27,885 - [zerodha_kite_live_adapter] - INFO - ✓ Fetched 100 candles for HDFCBANK (2d lookback)
2026-09-18 15:26:28,008 - [zerodha_kite_live_adapter] - INFO - ✓ Fetched 100 candles for ICICIBANK (2d lookback)
2026-09-18 15:26:28,117 - [zerodha_kite_live_adapter] - INFO - ✓ Fetched 100 candles for SBIN (2d lookback)
2026-09-18 15:26:28,233 - [zerodha_kite_live_adapter] - INFO - ✓ Fetched 100 candles for MARUTI (2d lookback)
2026-09-18 15:26:28,342 - [zerodha_kite_live_adapter] - INFO - ✓ Fetched 100 candles for LT (2d lookback)
2026-09-18 15:26:28,343 - [__main__] - INFO - ✓ Fetched data for 8 symbols
2026-09-18 15:26:28,343 - [__main__] - INFO - ✓ Generated 0 signals
2026-09-18 15:26:28,343 - [__main__] - INFO - ℹ️  No signals to execute
2026-09-18 15:26:28,344 - [__main__] - INFO - 📊 Circuit Breaker Status: {'is_broken': False, 'daily_pnl': -5.240000000000009, 'max_allowed_loss': -10000.0, 'remaining_loss_budget': -9994.76}
2026-09-18 15:26:28,344 - [__main__] - INFO - 📈 Open Positions: 5
2026-09-18 15:26:28,344 - [__main__] - INFO - CYCLE COMPLETED: 2026-09-18 15:26:28 IST
2026-09-18 15:26:28,345 - [__main__] - INFO - ======================================================================

2026-09-18 15:26:28,345 - [__main__] - INFO - Waiting 60s until next cycle...
2026-09-18 15:27:28,345 - [__main__] - INFO - [Cycle 18]
2026-09-18 15:27:28,346 - [__main__] - INFO - ======================================================================
2026-09-18 15:27:28,347 - [__main__] - INFO - CYCLE STARTED: 2026-09-18 15:27:28 IST
2026-09-18 15:27:28,458 - [zerodha_kite_live_adapter] - INFO - ✓ Fetched 100 candles for RELIANCE (2d lookback)
2026-09-18 15:27:28,624 - [zerodha_kite_live_adapter] - INFO - ✓ Fetched 100 candles for TCS (2d lookback)
2026-09-18 15:27:28,755 - [zerodha_kite_live_adapter] - INFO - ✓ Fetched 100 candles for INFY (2d lookback)
2026-09-18 15:27:28,900 - [zerodha_kite_live_adapter] - INFO - ✓ Fetched 100 candles for HDFCBANK (2d lookback)
2026-09-18 15:27:29,030 - [zerodha_kite_live_adapter] - INFO - ✓ Fetched 100 candles for ICICIBANK (2d lookback)
2026-09-18 15:27:29,154 - [zerodha_kite_live_adapter] - INFO - ✓ Fetched 100 candles for SBIN (2d lookback)
2026-09-18 15:27:29,273 - [zerodha_kite_live_adapter] - INFO - ✓ Fetched 100 candles for MARUTI (2d lookback)
2026-09-18 15:27:29,381 - [zerodha_kite_live_adapter] - INFO - ✓ Fetched 100 candles for LT (2d lookback)
2026-09-18 15:27:29,381 - [__main__] - INFO - ✓ Fetched data for 8 symbols
2026-09-18 15:27:29,382 - [__main__] - INFO - ✓ Generated 0 signals
2026-09-18 15:27:29,382 - [__main__] - INFO - ℹ️  No signals to execute
2026-09-18 15:27:29,383 - [__main__] - INFO - 📊 Circuit Breaker Status: {'is_broken': False, 'daily_pnl': -5.240000000000009, 'max_allowed_loss': -10000.0, 'remaining_loss_budget': -9994.76}
2026-09-18 15:27:29,383 - [__main__] - INFO - 📈 Open Positions: 5
2026-09-18 15:27:29,383 - [__main__] - INFO - CYCLE COMPLETED: 2026-09-18 15:27:29 IST
2026-09-18 15:27:29,383 - [__main__] - INFO - ======================================================================

2026-09-18 15:27:29,383 - [__main__] - INFO - Waiting 60s until next cycle...
2026-09-18 15:28:29,384 - [__main__] - INFO - [Cycle 19]
2026-09-18 15:28:29,384 - [__main__] - INFO - ======================================================================
2026-09-18 15:28:29,385 - [__main__] - INFO - CYCLE STARTED: 2026-09-18 15:28:29 IST
2026-09-18 15:28:29,521 - [zerodha_kite_live_adapter] - INFO - ✓ Fetched 100 candles for RELIANCE (2d lookback)
2026-09-18 15:28:29,629 - [zerodha_kite_live_adapter] - INFO - ✓ Fetched 100 candles for TCS (2d lookback)
2026-09-18 15:28:29,748 - [zerodha_kite_live_adapter] - INFO - ✓ Fetched 100 candles for INFY (2d lookback)
2026-09-18 15:28:29,867 - [zerodha_kite_live_adapter] - INFO - ✓ Fetched 100 candles for HDFCBANK (2d lookback)
2026-09-18 15:28:29,990 - [zerodha_kite_live_adapter] - INFO - ✓ Fetched 100 candles for ICICIBANK (2d lookback)
2026-09-18 15:28:30,093 - [zerodha_kite_live_adapter] - INFO - ✓ Fetched 100 candles for SBIN (2d lookback)
2026-09-18 15:28:30,193 - [zerodha_kite_live_adapter] - INFO - ✓ Fetched 100 candles for MARUTI (2d lookback)
2026-09-18 15:28:30,303 - [zerodha_kite_live_adapter] - INFO - ✓ Fetched 100 candles for LT (2d lookback)
2026-09-18 15:28:30,304 - [__main__] - INFO - ✓ Fetched data for 8 symbols
2026-09-18 15:28:30,304 - [__main__] - INFO - ✓ Generated 0 signals
2026-09-18 15:28:30,304 - [__main__] - INFO - ℹ️  No signals to execute
2026-09-18 15:28:30,305 - [__main__] - INFO - 📊 Circuit Breaker Status: {'is_broken': False, 'daily_pnl': -5.240000000000009, 'max_allowed_loss': -10000.0, 'remaining_loss_budget': -9994.76}
2026-09-18 15:28:30,305 - [__main__] - INFO - 📈 Open Positions: 5
2026-09-18 15:28:30,305 - [__main__] - INFO - CYCLE COMPLETED: 2026-09-18 15:28:30 IST
2026-09-18 15:28:30,305 - [__main__] - INFO - ======================================================================

2026-09-18 15:28:30,306 - [__main__] - INFO - Waiting 60s until next cycle...
2026-09-18 15:29:30,306 - [__main__] - INFO - [Cycle 20]
2026-09-18 15:29:30,307 - [__main__] - INFO - ======================================================================
2026-09-18 15:29:30,307 - [__main__] - INFO - CYCLE STARTED: 2026-09-18 15:29:30 IST
2026-09-18 15:29:30,413 - [zerodha_kite_live_adapter] - INFO - ✓ Fetched 100 candles for RELIANCE (2d lookback)
2026-09-18 15:29:30,518 - [zerodha_kite_live_adapter] - INFO - ✓ Fetched 100 candles for TCS (2d lookback)
2026-09-18 15:29:30,662 - [zerodha_kite_live_adapter] - INFO - ✓ Fetched 100 candles for INFY (2d lookback)
2026-09-18 15:29:30,791 - [zerodha_kite_live_adapter] - INFO - ✓ Fetched 100 candles for HDFCBANK (2d lookback)
2026-09-18 15:29:30,902 - [zerodha_kite_live_adapter] - INFO - ✓ Fetched 100 candles for ICICIBANK (2d lookback)
2026-09-18 15:29:31,028 - [zerodha_kite_live_adapter] - INFO - ✓ Fetched 100 candles for SBIN (2d lookback)
2026-09-18 15:29:31,129 - [zerodha_kite_live_adapter] - INFO - ✓ Fetched 100 candles for MARUTI (2d lookback)
2026-09-18 15:29:31,239 - [zerodha_kite_live_adapter] - INFO - ✓ Fetched 100 candles for LT (2d lookback)
2026-09-18 15:29:31,239 - [__main__] - INFO - ✓ Fetched data for 8 symbols
2026-09-18 15:29:31,240 - [__main__] - INFO - ✓ Generated 0 signals
2026-09-18 15:29:31,240 - [__main__] - INFO - ℹ️  No signals to execute
2026-09-18 15:29:31,241 - [__main__] - INFO - 📊 Circuit Breaker Status: {'is_broken': False, 'daily_pnl': -5.240000000000009, 'max_allowed_loss': -10000.0, 'remaining_loss_budget': -9994.76}
2026-09-18 15:29:31,241 - [__main__] - INFO - 📈 Open Positions: 5
2026-09-18 15:29:31,241 - [__main__] - INFO - CYCLE COMPLETED: 2026-09-18 15:29:31 IST
2026-09-18 15:29:31,241 - [__main__] - INFO - ======================================================================

2026-09-18 15:29:31,242 - [__main__] - INFO - Waiting 60s until next cycle...
2026-09-18 15:30:31,242 - [__main__] - INFO - [Cycle 21]
2026-09-18 15:30:31,243 - [__main__] - INFO - 📅 Market closed. Skipping cycle.
2026-09-18 15:30:31,243 - [__main__] - INFO - Waiting 60s until next cycle...
2026-09-18 15:31:31,244 - [__main__] - INFO - [Cycle 22]
2026-09-18 15:31:31,244 - [__main__] - INFO - 📅 Market closed. Skipping cycle.
2026-09-18 15:31:31,245 - [__main__] - INFO - Waiting 60s until next cycle...
2026-09-18 15:32:31,246 - [__main__] - INFO - [Cycle 23]
2026-09-18 15:32:31,246 - [__main__] - INFO - 📅 Market closed. Skipping cycle.
2026-09-18 15:32:31,252 - [__main__] - INFO - Waiting 60s until next cycle...
2026-09-18 15:33:31,253 - [__main__] - INFO - [Cycle 24]
2026-09-18 15:33:31,254 - [__main__] - INFO - 📅 Market closed. Skipping cycle.
2026-09-18 15:33:31,254 - [__main__] - INFO - Waiting 60s until next cycle...
2026-09-18 15:34:31,255 - [__main__] - INFO - [Cycle 25]
2026-09-18 15:34:31,256 - [__main__] - INFO - 📅 Market closed. Skipping cycle.
2026-09-18 15:34:31,256 - [__main__] - INFO - Waiting 60s until next cycle...
2026-09-18 15:35:31,258 - [__main__] - INFO - [Cycle 26]
2026-09-18 15:35:31,258 - [__main__] - INFO - 📅 Market closed. Skipping cycle.
2026-09-18 15:35:31,259 - [__main__] - INFO - Waiting 60s until next cycle...
2026-09-18 15:36:31,260 - [__main__] - INFO - [Cycle 27]
2026-09-18 15:36:31,260 - [__main__] - INFO - 📅 Market closed. Skipping cycle.
2026-09-18 15:36:31,261 - [__main__] - INFO - Waiting 60s until next cycle...
2026-09-18 15:37:31,261 - [__main__] - INFO - [Cycle 28]
2026-09-18 15:37:31,262 - [__main__] - INFO - 📅 Market closed. Skipping cycle.
2026-09-18 15:37:31,262 - [__main__] - INFO - Waiting 60s until next cycle...
2026-09-18 15:38:31,263 - [__main__] - INFO - [Cycle 29]
2026-09-18 15:38:31,263 - [__main__] - INFO - 📅 Market closed. Skipping cycle.
2026-09-18 15:38:31,264 - [__main__] - INFO - Waiting 60s until next cycle...
2026-09-18 15:39:31,264 - [__main__] - INFO - [Cycle 30]
2026-09-18 15:39:31,264 - [__main__] - INFO - 📅 Market closed. Skipping cycle.
2026-09-18 15:39:31,265 - [__main__] - INFO - Waiting 60s until next cycle...
2026-09-18 15:40:31,265 - [__main__] - INFO - [Cycle 31]
2026-09-18 15:40:31,265 - [__main__] - INFO - 📅 Market closed. Skipping cycle.
2026-09-18 15:40:31,266 - [__main__] - INFO - Waiting 60s until next cycle...
2026-09-18 15:41:31,266 - [__main__] - INFO - [Cycle 32]
2026-09-18 15:41:31,266 - [__main__] - INFO - 📅 Market closed. Skipping cycle.
2026-09-18 15:41:31,266 - [__main__] - INFO - Waiting 60s until next cycle...
2026-09-18 15:42:31,266 - [__main__] - INFO - [Cycle 33]
2026-09-18 15:42:31,267 - [__main__] - INFO - 📅 Market closed. Skipping cycle.
2026-09-18 15:42:31,267 - [__main__] - INFO - Waiting 60s until next cycle...
2026-09-18 15:43:31,267 - [__main__] - INFO - [Cycle 34]
2026-09-18 15:43:31,267 - [__main__] - INFO - 📅 Market closed. Skipping cycle.
2026-09-18 15:43:31,267 - [__main__] - INFO - Waiting 60s until next cycle...
2026-09-18 15:44:31,268 - [__main__] - INFO - [Cycle 35]
2026-09-18 15:44:31,268 - [__main__] - INFO - 📅 Market closed. Skipping cycle.
2026-09-18 15:44:31,269 - [__main__] - INFO - Waiting 60s until next cycle...
2026-09-18 15:45:31,269 - [__main__] - INFO - [Cycle 36]
2026-09-18 15:45:31,270 - [__main__] - INFO - 📅 Market closed. Skipping cycle.
2026-09-18 15:45:31,270 - [__main__] - INFO - Waiting 60s until next cycle...
2026-09-18 15:46:31,271 - [__main__] - INFO - [Cycle 37]
2026-09-18 15:46:31,271 - [__main__] - INFO - 📅 Market closed. Skipping cycle.
2026-09-18 15:46:31,272 - [__main__] - INFO - Waiting 60s until next cycle...
2026-09-18 15:47:31,272 - [__main__] - INFO - [Cycle 38]
2026-09-18 15:47:31,273 - [__main__] - INFO - 📅 Market closed. Skipping cycle.
2026-09-18 15:47:31,273 - [__main__] - INFO - Waiting 60s until next cycle...
2026-09-18 15:48:31,274 - [__main__] - INFO - [Cycle 39]
2026-09-18 15:48:31,274 - [__main__] - INFO - 📅 Market closed. Skipping cycle.
2026-09-18 15:48:31,275 - [__main__] - INFO - Waiting 60s until next cycle...
2026-09-18 15:49:31,275 - [__main__] - INFO - [Cycle 40]
2026-09-18 15:49:31,275 - [__main__] - INFO - 📅 Market closed. Skipping cycle.
2026-09-18 15:49:31,276 - [__main__] - INFO - Waiting 60s until next cycle...
2026-09-18 15:50:31,276 - [__main__] - INFO - [Cycle 41]
2026-09-18 15:50:31,277 - [__main__] - INFO - 📅 Market closed. Skipping cycle.
2026-09-18 15:50:31,277 - [__main__] - INFO - Waiting 60s until next cycle...
2026-09-18 15:51:31,278 - [__main__] - INFO - [Cycle 42]
2026-09-18 15:51:31,279 - [__main__] - INFO - 📅 Market closed. Skipping cycle.
2026-09-18 15:51:31,279 - [__main__] - INFO - Waiting 60s until next cycle...
2026-09-18 15:52:31,280 - [__main__] - INFO - [Cycle 43]
2026-09-18 15:52:31,280 - [__main__] - INFO - 📅 Market closed. Skipping cycle.
2026-09-18 15:52:31,281 - [__main__] - INFO - Waiting 60s until next cycle...
2026-09-18 15:53:31,281 - [__main__] - INFO - [Cycle 44]
2026-09-18 15:53:31,282 - [__main__] - INFO - 📅 Market closed. Skipping cycle.
2026-09-18 15:53:31,282 - [__main__] - INFO - Waiting 60s until next cycle...
2026-09-18 15:54:31,284 - [__main__] - INFO - [Cycle 45]
2026-09-18 15:54:31,284 - [__main__] - INFO - 📅 Market closed. Skipping cycle.
2026-09-18 15:54:31,284 - [__main__] - INFO - Waiting 60s until next cycle...
2026-09-18 15:55:31,285 - [__main__] - INFO - [Cycle 46]
2026-09-18 15:55:31,285 - [__main__] - INFO - 📅 Market closed. Skipping cycle.
2026-09-18 15:55:31,286 - [__main__] - INFO - Waiting 60s until next cycle...
2026-09-18 15:56:31,287 - [__main__] - INFO - [Cycle 47]
2026-09-18 15:56:31,287 - [__main__] - INFO - 📅 Market closed. Skipping cycle.
2026-09-18 15:56:31,287 - [__main__] - INFO - Waiting 60s until next cycle...
2026-09-18 15:57:31,288 - [__main__] - INFO - [Cycle 48]
2026-09-18 15:57:31,288 - [__main__] - INFO - 📅 Market closed. Skipping cycle.
2026-09-18 15:57:31,294 - [__main__] - INFO - Waiting 60s until next cycle...
2026-09-18 15:58:31,295 - [__main__] - INFO - [Cycle 49]
2026-09-18 15:58:31,295 - [__main__] - INFO - 📅 Market closed. Skipping cycle.
2026-09-18 15:58:31,296 - [__main__] - INFO - Waiting 60s until next cycle...
2026-09-18 15:59:31,296 - [__main__] - INFO - [Cycle 50]
2026-09-18 15:59:31,297 - [__main__] - INFO - 📅 Market closed. Skipping cycle.
2026-09-18 15:59:31,297 - [__main__] - INFO - Waiting 60s until next cycle...
2026-09-18 16:00:31,298 - [__main__] - INFO - [Cycle 51]
2026-09-18 16:00:31,298 - [__main__] - INFO - 📅 Market closed. Skipping cycle.
2026-09-18 16:00:31,299 - [__main__] - INFO - Waiting 60s until next cycle...
2026-09-18 16:01:31,300 - [__main__] - INFO - [Cycle 52]
2026-09-18 16:01:31,300 - [__main__] - INFO - 📅 Market closed. Skipping cycle.
2026-09-18 16:01:31,301 - [__main__] - INFO - Waiting 60s until next cycle...
2026-09-18 16:02:31,301 - [__main__] - INFO - [Cycle 53]
2026-09-18 16:02:31,302 - [__main__] - INFO - 📅 Market closed. Skipping cycle.
2026-09-18 16:02:31,302 - [__main__] - INFO - Waiting 60s until next cycle...
2026-09-18 16:03:31,302 - [__main__] - INFO - [Cycle 54]
2026-09-18 16:03:31,303 - [__main__] - INFO - 📅 Market closed. Skipping cycle.
2026-09-18 16:03:31,303 - [__main__] - INFO - Waiting 60s until next cycle...
2026-09-18 16:04:31,304 - [__main__] - INFO - [Cycle 55]
2026-09-18 16:04:31,304 - [__main__] - INFO - 📅 Market closed. Skipping cycle.
2026-09-18 16:04:31,304 - [__main__] - INFO - Waiting 60s until next cycle...
2026-09-18 16:05:31,305 - [__main__] - INFO - [Cycle 56]
2026-09-18 16:05:31,305 - [__main__] - INFO - 📅 Market closed. Skipping cycle.
2026-09-18 16:05:31,306 - [__main__] - INFO - Waiting 60s until next cycle...
2026-09-18 16:06:31,307 - [__main__] - INFO - [Cycle 57]
2026-09-18 16:06:31,307 - [__main__] - INFO - 📅 Market closed. Skipping cycle.
2026-09-18 16:06:31,308 - [__main__] - INFO - Waiting 60s until next cycle...
2026-09-18 16:07:31,308 - [__main__] - INFO - [Cycle 58]
2026-09-18 16:07:31,309 - [__main__] - INFO - 📅 Market closed. Skipping cycle.
2026-09-18 16:07:31,309 - [__main__] - INFO - Waiting 60s until next cycle...
2026-09-18 16:08:31,310 - [__main__] - INFO - [Cycle 59]
2026-09-18 16:08:31,310 - [__main__] - INFO - 📅 Market closed. Skipping cycle.
2026-09-18 16:08:31,311 - [__main__] - INFO - Waiting 60s until next cycle...
2026-09-18 16:09:31,311 - [__main__] - INFO - [Cycle 60]
2026-09-18 16:09:31,312 - [__main__] - INFO - 📅 Market closed. Skipping cycle.
2026-09-18 16:09:31,312 - [__main__] - INFO - Waiting 60s until next cycle...
2026-09-18 16:10:31,313 - [__main__] - INFO - [Cycle 61]
2026-09-18 16:10:31,313 - [__main__] - INFO - 📅 Market closed. Skipping cycle.
2026-09-18 16:10:31,313 - [__main__] - INFO - Waiting 60s until next cycle...
2026-09-18 16:11:31,314 - [__main__] - INFO - [Cycle 62]
2026-09-18 16:11:31,314 - [__main__] - INFO - 📅 Market closed. Skipping cycle.
2026-09-18 16:11:31,315 - [__main__] - INFO - Waiting 60s until next cycle...
2026-09-18 16:12:31,315 - [__main__] - INFO - [Cycle 63]
2026-09-18 16:12:31,316 - [__main__] - INFO - 📅 Market closed. Skipping cycle.
2026-09-18 16:12:31,316 - [__main__] - INFO - Waiting 60s until next cycle...
2026-09-18 16:13:31,317 - [__main__] - INFO - [Cycle 64]
2026-09-18 16:13:31,317 - [__main__] - INFO - 📅 Market closed. Skipping cycle.
2026-09-18 16:13:31,318 - [__main__] - INFO - Waiting 60s until next cycle...
2026-09-18 16:14:31,318 - [__main__] - INFO - [Cycle 65]
2026-09-18 16:14:31,319 - [__main__] - INFO - 📅 Market closed. Skipping cycle.
2026-09-18 16:14:31,319 - [__main__] - INFO - Waiting 60s until next cycle...
2026-09-18 16:15:31,320 - [__main__] - INFO - [Cycle 66]
2026-09-18 16:15:31,320 - [__main__] - INFO - 📅 Market closed. Skipping cycle.
2026-09-18 16:15:31,320 - [__main__] - INFO - Waiting 60s until next cycle...
2026-09-18 16:16:31,321 - [__main__] - INFO - [Cycle 67]
2026-09-18 16:16:31,322 - [__main__] - INFO - 📅 Market closed. Skipping cycle.
2026-09-18 16:16:31,322 - [__main__] - INFO - Waiting 60s until next cycle...
2026-09-18 16:17:31,323 - [__main__] - INFO - [Cycle 68]
2026-09-18 16:17:31,323 - [__main__] - INFO - 📅 Market closed. Skipping cycle.
2026-09-18 16:17:31,330 - [__main__] - INFO - Waiting 60s until next cycle...
2026-09-18 16:18:31,331 - [__main__] - INFO - [Cycle 69]
2026-09-18 16:18:31,331 - [__main__] - INFO - 📅 Market closed. Skipping cycle.
2026-09-18 16:18:31,332 - [__main__] - INFO - Waiting 60s until next cycle...
2026-09-18 16:19:31,333 - [__main__] - INFO - [Cycle 70]
2026-09-18 16:19:31,333 - [__main__] - INFO - 📅 Market closed. Skipping cycle.
2026-09-18 16:19:31,333 - [__main__] - INFO - Waiting 60s until next cycle...
2026-09-18 16:20:31,334 - [__main__] - INFO - [Cycle 71]
2026-09-18 16:20:31,334 - [__main__] - INFO - 📅 Market closed. Skipping cycle.
2026-09-18 16:20:31,335 - [__main__] - INFO - Waiting 60s until next cycle...
2026-09-18 16:21:31,335 - [__main__] - INFO - [Cycle 72]
2026-09-18 16:21:31,336 - [__main__] - INFO - 📅 Market closed. Skipping cycle.
2026-09-18 16:21:31,336 - [__main__] - INFO - Waiting 60s until next cycle...
2026-09-18 16:22:31,337 - [__main__] - INFO - [Cycle 73]
2026-09-18 16:22:31,337 - [__main__] - INFO - 📅 Market closed. Skipping cycle.
2026-09-18 16:22:31,338 - [__main__] - INFO - Waiting 60s until next cycle...
2026-09-18 16:23:31,338 - [__main__] - INFO - [Cycle 74]
2026-09-18 16:23:31,339 - [__main__] - INFO - 📅 Market closed. Skipping cycle.
2026-09-18 16:23:31,339 - [__main__] - INFO - Waiting 60s until next cycle...
2026-09-18 16:24:31,340 - [__main__] - INFO - [Cycle 75]
2026-09-18 16:24:31,340 - [__main__] - INFO - 📅 Market closed. Skipping cycle.
2026-09-18 16:24:31,341 - [__main__] - INFO - Waiting 60s until next cycle...
2026-09-18 16:25:31,342 - [__main__] - INFO - [Cycle 76]
2026-09-18 16:25:31,342 - [__main__] - INFO - 📅 Market closed. Skipping cycle.
2026-09-18 16:25:31,343 - [__main__] - INFO - Waiting 60s until next cycle...
