2026-09-12 12:40:21,455 | INFO | ✅ Registry locked: RESERVED_NOT_YET_RUN
2026-09-12 12:40:21,456 | INFO | CrossSectionalRanking: min_coverage=45, lookback=4 bars
2026-09-12 12:40:21,456 | INFO | ✅ InHouseEngineMTFExtractor initialized
2026-09-12 12:40:21,456 | INFO | 
================================================================================
2026-09-12 12:40:21,456 | INFO | EXTRACTING MTF FEATURES FOR IN-HOUSE ENGINE (TRAIN SPLIT)
2026-09-12 12:40:21,456 | INFO | ================================================================================

2026-09-12 12:40:21,484 | INFO | ADANIENT: 22500 rows loaded
2026-09-12 12:40:21,539 | INFO | [1/48] ADANIENT        ✅ (22500 rows)
2026-09-12 12:40:21,545 | INFO | ADANIPORTS: 22500 rows loaded
2026-09-12 12:40:21,595 | INFO | [2/48] ADANIPORTS      ✅ (22500 rows)
2026-09-12 12:40:21,601 | INFO | APOLLOHOSP: 22500 rows loaded
2026-09-12 12:40:21,653 | INFO | [3/48] APOLLOHOSP      ✅ (22500 rows)
2026-09-12 12:40:21,658 | INFO | ASIANPAINT: 22500 rows loaded
2026-09-12 12:40:21,713 | INFO | [4/48] ASIANPAINT      ✅ (22500 rows)
2026-09-12 12:40:21,717 | INFO | AXISBANK: 22500 rows loaded
2026-09-12 12:40:21,770 | INFO | [5/48] AXISBANK        ✅ (22500 rows)
2026-09-12 12:40:21,775 | INFO | BAJAJ-AUTO: 22500 rows loaded
2026-09-12 12:40:21,827 | INFO | [6/48] BAJAJ-AUTO      ✅ (22500 rows)
2026-09-12 12:40:21,832 | INFO | BAJAJFINSV: 22500 rows loaded
2026-09-12 12:40:21,883 | INFO | [7/48] BAJAJFINSV      ✅ (22500 rows)
2026-09-12 12:40:21,888 | INFO | BAJFINANCE: 22500 rows loaded
2026-09-12 12:40:21,940 | INFO | [8/48] BAJFINANCE      ✅ (22500 rows)
2026-09-12 12:40:21,946 | INFO | BEL: 22500 rows loaded
2026-09-12 12:40:21,997 | INFO | [9/48] BEL             ✅ (22500 rows)
2026-09-12 12:40:22,001 | INFO | BHARTIARTL: 22500 rows loaded
2026-09-12 12:40:22,054 | INFO | [10/48] BHARTIARTL      ✅ (22500 rows)
2026-09-12 12:40:22,057 | INFO | CIPLA: 22500 rows loaded
2026-09-12 12:40:22,107 | INFO | [11/48] CIPLA           ✅ (22500 rows)
2026-09-12 12:40:22,111 | INFO | COALINDIA: 22500 rows loaded
2026-09-12 12:40:22,161 | INFO | [12/48] COALINDIA       ✅ (22500 rows)
2026-09-12 12:40:22,166 | INFO | DRREDDY: 22500 rows loaded
2026-09-12 12:40:22,216 | INFO | [13/48] DRREDDY         ✅ (22500 rows)
2026-09-12 12:40:22,220 | INFO | EICHERMOT: 22500 rows loaded
2026-09-12 12:40:22,271 | INFO | [14/48] EICHERMOT       ✅ (22500 rows)
2026-09-12 12:40:22,275 | INFO | ETERNAL: 22500 rows loaded
2026-09-12 12:40:22,326 | INFO | [15/48] ETERNAL         ✅ (22500 rows)
2026-09-12 12:40:22,330 | INFO | GRASIM: 22500 rows loaded
2026-09-12 12:40:22,381 | INFO | [16/48] GRASIM          ✅ (22500 rows)
2026-09-12 12:40:22,387 | INFO | HCLTECH: 22500 rows loaded
2026-09-12 12:40:22,438 | INFO | [17/48] HCLTECH         ✅ (22500 rows)
2026-09-12 12:40:22,442 | INFO | HDFCBANK: 22500 rows loaded
2026-09-12 12:40:22,493 | INFO | [18/48] HDFCBANK        ✅ (22500 rows)
2026-09-12 12:40:22,498 | INFO | HDFCLIFE: 22500 rows loaded
2026-09-12 12:40:22,554 | INFO | [19/48] HDFCLIFE        ✅ (22500 rows)
2026-09-12 12:40:22,558 | INFO | HINDALCO: 22500 rows loaded
2026-09-12 12:40:22,612 | INFO | [20/48] HINDALCO        ✅ (22500 rows)
2026-09-12 12:40:22,617 | INFO | HINDUNILVR: 22500 rows loaded
2026-09-12 12:40:22,672 | INFO | [21/48] HINDUNILVR      ✅ (22500 rows)
2026-09-12 12:40:22,676 | INFO | ICICIBANK: 22500 rows loaded
2026-09-12 12:40:22,726 | INFO | [22/48] ICICIBANK       ✅ (22500 rows)
2026-09-12 12:40:22,730 | INFO | INDIGO: 22500 rows loaded
2026-09-12 12:40:22,780 | INFO | [23/48] INDIGO          ✅ (22500 rows)
2026-09-12 12:40:22,785 | INFO | INFY: 22500 rows loaded
2026-09-12 12:40:22,837 | INFO | [24/48] INFY            ✅ (22500 rows)
2026-09-12 12:40:22,841 | INFO | ITC: 22500 rows loaded
2026-09-12 12:40:22,892 | INFO | [25/48] ITC             ✅ (22500 rows)
2026-09-12 12:40:22,896 | INFO | JIOFIN: 22500 rows loaded
2026-09-12 12:40:22,947 | INFO | [26/48] JIOFIN          ✅ (22500 rows)
2026-09-12 12:40:22,951 | INFO | JSWSTEEL: 22500 rows loaded
2026-09-12 12:40:23,001 | INFO | [27/48] JSWSTEEL        ✅ (22500 rows)
2026-09-12 12:40:23,006 | INFO | KOTAKBANK: 22500 rows loaded
2026-09-12 12:40:23,067 | INFO | [28/48] KOTAKBANK       ✅ (22500 rows)
2026-09-12 12:40:23,071 | INFO | LT: 22500 rows loaded
2026-09-12 12:40:23,122 | INFO | [29/48] LT              ✅ (22500 rows)
2026-09-12 12:40:23,126 | INFO | M&M: 22500 rows loaded
2026-09-12 12:40:23,176 | INFO | [30/48] M&M             ✅ (22500 rows)
2026-09-12 12:40:23,180 | INFO | MARUTI: 22500 rows loaded
2026-09-12 12:40:23,231 | INFO | [31/48] MARUTI          ✅ (22500 rows)
2026-09-12 12:40:23,235 | INFO | MAXHEALTH: 22500 rows loaded
2026-09-12 12:40:23,288 | INFO | [32/48] MAXHEALTH       ✅ (22500 rows)
2026-09-12 12:40:23,291 | INFO | NTPC: 22500 rows loaded
2026-09-12 12:40:23,341 | INFO | [33/48] NTPC            ✅ (22500 rows)
2026-09-12 12:40:23,345 | INFO | ONGC: 22500 rows loaded
2026-09-12 12:40:23,395 | INFO | [34/48] ONGC            ✅ (22500 rows)
2026-09-12 12:40:23,398 | INFO | POWERGRID: 22500 rows loaded
2026-09-12 12:40:23,449 | INFO | [35/48] POWERGRID       ✅ (22500 rows)
2026-09-12 12:40:23,453 | INFO | RELIANCE: 22500 rows loaded
2026-09-12 12:40:23,505 | INFO | [36/48] RELIANCE        ✅ (22500 rows)
2026-09-12 12:40:23,510 | INFO | SBILIFE: 22500 rows loaded
2026-09-12 12:40:23,559 | INFO | [37/48] SBILIFE         ✅ (22500 rows)
2026-09-12 12:40:23,563 | INFO | SBIN: 22500 rows loaded
2026-09-12 12:40:23,611 | INFO | [38/48] SBIN            ✅ (22500 rows)
2026-09-12 12:40:23,615 | INFO | SHRIRAMFIN: 22500 rows loaded
2026-09-12 12:40:23,665 | INFO | [39/48] SHRIRAMFIN      ✅ (22500 rows)
2026-09-12 12:40:23,669 | INFO | SUNPHARMA: 22500 rows loaded
2026-09-12 12:40:23,718 | INFO | [40/48] SUNPHARMA       ✅ (22500 rows)
2026-09-12 12:40:23,722 | INFO | TATACONSUM: 22500 rows loaded
2026-09-12 12:40:23,770 | INFO | [41/48] TATACONSUM      ✅ (22500 rows)
2026-09-12 12:40:23,774 | INFO | TATASTEEL: 22500 rows loaded
2026-09-12 12:40:23,822 | INFO | [42/48] TATASTEEL       ✅ (22500 rows)
2026-09-12 12:40:23,825 | INFO | TCS: 22500 rows loaded
2026-09-12 12:40:23,873 | INFO | [43/48] TCS             ✅ (22500 rows)
2026-09-12 12:40:23,877 | INFO | TECHM: 22500 rows loaded
2026-09-12 12:40:23,925 | INFO | [44/48] TECHM           ✅ (22500 rows)
2026-09-12 12:40:23,928 | INFO | TITAN: 22500 rows loaded
2026-09-12 12:40:23,978 | INFO | [45/48] TITAN           ✅ (22500 rows)
2026-09-12 12:40:23,982 | INFO | TRENT: 22500 rows loaded
2026-09-12 12:40:24,034 | INFO | [46/48] TRENT           ✅ (22500 rows)
2026-09-12 12:40:24,038 | INFO | ULTRACEMCO: 22500 rows loaded
2026-09-12 12:40:24,091 | INFO | [47/48] ULTRACEMCO      ✅ (22500 rows)
2026-09-12 12:40:24,095 | INFO | WIPRO: 22500 rows loaded
2026-09-12 12:40:24,147 | INFO | [48/48] WIPRO           ✅ (22500 rows)
2026-09-12 12:40:24,147 | INFO | 
✅ Extracted 48/48 symbols
2026-09-12 12:40:24,147 | INFO | 
Calculating cross-sectional rankings...
2026-09-12 12:40:24,147 | INFO | Starting cross-sectional ranking for 48 symbols
2026-09-12 12:40:24,179 | INFO | Universe matrix shape: (22500, 48)
2026-09-12 12:40:24,192 | INFO | Per-timestamp symbol count: min=0, max=48, mean=48.0
2026-09-12 12:40:24,205 | INFO | Coverage filter: 22496/22500 timestamps meet min_coverage=45
2026-09-12 12:40:24,468 | INFO | Attached cross-sectional features to 48 symbols
2026-09-12 12:40:24,468 | INFO | ✅ Cross-sectional ranking complete
2026-09-12 12:40:24,475 | INFO | 
Saving features to revision2/features_mtf_2026/
2026-09-12 12:40:25,403 | INFO | ✅ Saved 48 symbol feature matrices
2026-09-12 12:40:25,403 | INFO | ✅ Registry updated: EXTRACTION_COMPLETE_INHOUSE
2026-09-12 13:47:58,712 | INFO | ✅ Registry locked: TEST_IN_PROGRESS
2026-09-12 13:47:58,712 | INFO | CrossSectionalRanking: min_coverage=45, lookback=4 bars
2026-09-12 13:47:58,712 | INFO | ✅ InHouseEngineMTFExtractor initialized
2026-09-12 13:47:58,712 | INFO | 
================================================================================
2026-09-12 13:47:58,712 | INFO | EXTRACTING MTF FEATURES FOR IN-HOUSE ENGINE (TRAIN SPLIT)
2026-09-12 13:47:58,712 | INFO | ================================================================================

2026-09-12 13:47:58,743 | INFO | ADANIENT: 22500 rows loaded
2026-09-12 13:47:58,794 | INFO | [1/48] ADANIENT        ✅ (22500 rows)
2026-09-12 13:47:58,799 | INFO | ADANIPORTS: 22500 rows loaded
2026-09-12 13:47:58,848 | INFO | [2/48] ADANIPORTS      ✅ (22500 rows)
2026-09-12 13:47:58,852 | INFO | APOLLOHOSP: 22500 rows loaded
2026-09-12 13:47:58,900 | INFO | [3/48] APOLLOHOSP      ✅ (22500 rows)
2026-09-12 13:47:58,904 | INFO | ASIANPAINT: 22500 rows loaded
2026-09-12 13:47:58,952 | INFO | [4/48] ASIANPAINT      ✅ (22500 rows)
2026-09-12 13:47:58,955 | INFO | AXISBANK: 22500 rows loaded
2026-09-12 13:47:59,003 | INFO | [5/48] AXISBANK        ✅ (22500 rows)
2026-09-12 13:47:59,007 | INFO | BAJAJ-AUTO: 22500 rows loaded
2026-09-12 13:47:59,055 | INFO | [6/48] BAJAJ-AUTO      ✅ (22500 rows)
2026-09-12 13:47:59,059 | INFO | BAJAJFINSV: 22500 rows loaded
2026-09-12 13:47:59,107 | INFO | [7/48] BAJAJFINSV      ✅ (22500 rows)
2026-09-12 13:47:59,111 | INFO | BAJFINANCE: 22500 rows loaded
2026-09-12 13:47:59,158 | INFO | [8/48] BAJFINANCE      ✅ (22500 rows)
2026-09-12 13:47:59,162 | INFO | BEL: 22500 rows loaded
2026-09-12 13:47:59,215 | INFO | [9/48] BEL             ✅ (22500 rows)
2026-09-12 13:47:59,219 | INFO | BHARTIARTL: 22500 rows loaded
2026-09-12 13:47:59,267 | INFO | [10/48] BHARTIARTL      ✅ (22500 rows)
2026-09-12 13:47:59,272 | INFO | CIPLA: 22500 rows loaded
2026-09-12 13:47:59,319 | INFO | [11/48] CIPLA           ✅ (22500 rows)
2026-09-12 13:47:59,324 | INFO | COALINDIA: 22500 rows loaded
2026-09-12 13:47:59,372 | INFO | [12/48] COALINDIA       ✅ (22500 rows)
2026-09-12 13:47:59,375 | INFO | DRREDDY: 22500 rows loaded
2026-09-12 13:47:59,422 | INFO | [13/48] DRREDDY         ✅ (22500 rows)
2026-09-12 13:47:59,426 | INFO | EICHERMOT: 22500 rows loaded
2026-09-12 13:47:59,477 | INFO | [14/48] EICHERMOT       ✅ (22500 rows)
2026-09-12 13:47:59,482 | INFO | ETERNAL: 22500 rows loaded
2026-09-12 13:47:59,533 | INFO | [15/48] ETERNAL         ✅ (22500 rows)
2026-09-12 13:47:59,537 | INFO | GRASIM: 22500 rows loaded
2026-09-12 13:47:59,585 | INFO | [16/48] GRASIM          ✅ (22500 rows)
2026-09-12 13:47:59,590 | INFO | HCLTECH: 22500 rows loaded
2026-09-12 13:47:59,638 | INFO | [17/48] HCLTECH         ✅ (22500 rows)
2026-09-12 13:47:59,642 | INFO | HDFCBANK: 22500 rows loaded
2026-09-12 13:47:59,689 | INFO | [18/48] HDFCBANK        ✅ (22500 rows)
2026-09-12 13:47:59,692 | INFO | HDFCLIFE: 22500 rows loaded
2026-09-12 13:47:59,739 | INFO | [19/48] HDFCLIFE        ✅ (22500 rows)
2026-09-12 13:47:59,743 | INFO | HINDALCO: 22500 rows loaded
2026-09-12 13:47:59,790 | INFO | [20/48] HINDALCO        ✅ (22500 rows)
2026-09-12 13:47:59,794 | INFO | HINDUNILVR: 22500 rows loaded
2026-09-12 13:47:59,841 | INFO | [21/48] HINDUNILVR      ✅ (22500 rows)
2026-09-12 13:47:59,846 | INFO | ICICIBANK: 22500 rows loaded
2026-09-12 13:47:59,893 | INFO | [22/48] ICICIBANK       ✅ (22500 rows)
2026-09-12 13:47:59,898 | INFO | INDIGO: 22500 rows loaded
2026-09-12 13:47:59,945 | INFO | [23/48] INDIGO          ✅ (22500 rows)
2026-09-12 13:47:59,948 | INFO | INFY: 22500 rows loaded
2026-09-12 13:47:59,995 | INFO | [24/48] INFY            ✅ (22500 rows)
2026-09-12 13:47:59,999 | INFO | ITC: 22500 rows loaded
2026-09-12 13:48:00,048 | INFO | [25/48] ITC             ✅ (22500 rows)
2026-09-12 13:48:00,051 | INFO | JIOFIN: 22500 rows loaded
2026-09-12 13:48:00,099 | INFO | [26/48] JIOFIN          ✅ (22500 rows)
2026-09-12 13:48:00,103 | INFO | JSWSTEEL: 22500 rows loaded
2026-09-12 13:48:00,151 | INFO | [27/48] JSWSTEEL        ✅ (22500 rows)
2026-09-12 13:48:00,155 | INFO | KOTAKBANK: 22500 rows loaded
2026-09-12 13:48:00,202 | INFO | [28/48] KOTAKBANK       ✅ (22500 rows)
2026-09-12 13:48:00,206 | INFO | LT: 22500 rows loaded
2026-09-12 13:48:00,253 | INFO | [29/48] LT              ✅ (22500 rows)
2026-09-12 13:48:00,257 | INFO | M&M: 22500 rows loaded
2026-09-12 13:48:00,305 | INFO | [30/48] M&M             ✅ (22500 rows)
2026-09-12 13:48:00,309 | INFO | MARUTI: 22500 rows loaded
2026-09-12 13:48:00,362 | INFO | [31/48] MARUTI          ✅ (22500 rows)
2026-09-12 13:48:00,367 | INFO | MAXHEALTH: 22500 rows loaded
2026-09-12 13:48:00,436 | INFO | [32/48] MAXHEALTH       ✅ (22500 rows)
2026-09-12 13:48:00,441 | INFO | NTPC: 22500 rows loaded
2026-09-12 13:48:00,496 | INFO | [33/48] NTPC            ✅ (22500 rows)
2026-09-12 13:48:00,500 | INFO | ONGC: 22500 rows loaded
2026-09-12 13:48:00,549 | INFO | [34/48] ONGC            ✅ (22500 rows)
2026-09-12 13:48:00,553 | INFO | POWERGRID: 22500 rows loaded
2026-09-12 13:48:00,602 | INFO | [35/48] POWERGRID       ✅ (22500 rows)
2026-09-12 13:48:00,605 | INFO | RELIANCE: 22500 rows loaded
2026-09-12 13:48:00,654 | INFO | [36/48] RELIANCE        ✅ (22500 rows)
2026-09-12 13:48:00,657 | INFO | SBILIFE: 22500 rows loaded
2026-09-12 13:48:00,704 | INFO | [37/48] SBILIFE         ✅ (22500 rows)
2026-09-12 13:48:00,708 | INFO | SBIN: 22500 rows loaded
2026-09-12 13:48:00,755 | INFO | [38/48] SBIN            ✅ (22500 rows)
2026-09-12 13:48:00,759 | INFO | SHRIRAMFIN: 22500 rows loaded
2026-09-12 13:48:00,807 | INFO | [39/48] SHRIRAMFIN      ✅ (22500 rows)
2026-09-12 13:48:00,811 | INFO | SUNPHARMA: 22500 rows loaded
2026-09-12 13:48:00,859 | INFO | [40/48] SUNPHARMA       ✅ (22500 rows)
2026-09-12 13:48:00,863 | INFO | TATACONSUM: 22500 rows loaded
2026-09-12 13:48:00,910 | INFO | [41/48] TATACONSUM      ✅ (22500 rows)
2026-09-12 13:48:00,914 | INFO | TATASTEEL: 22500 rows loaded
2026-09-12 13:48:00,961 | INFO | [42/48] TATASTEEL       ✅ (22500 rows)
2026-09-12 13:48:00,965 | INFO | TCS: 22500 rows loaded
2026-09-12 13:48:01,013 | INFO | [43/48] TCS             ✅ (22500 rows)
2026-09-12 13:48:01,016 | INFO | TECHM: 22500 rows loaded
2026-09-12 13:48:01,066 | INFO | [44/48] TECHM           ✅ (22500 rows)
2026-09-12 13:48:01,070 | INFO | TITAN: 22500 rows loaded
2026-09-12 13:48:01,117 | INFO | [45/48] TITAN           ✅ (22500 rows)
2026-09-12 13:48:01,121 | INFO | TRENT: 22500 rows loaded
2026-09-12 13:48:01,193 | INFO | [46/48] TRENT           ✅ (22500 rows)
2026-09-12 13:48:01,196 | INFO | ULTRACEMCO: 22500 rows loaded
2026-09-12 13:48:01,244 | INFO | [47/48] ULTRACEMCO      ✅ (22500 rows)
2026-09-12 13:48:01,248 | INFO | WIPRO: 22500 rows loaded
2026-09-12 13:48:01,295 | INFO | [48/48] WIPRO           ✅ (22500 rows)
2026-09-12 13:48:01,295 | INFO | 
✅ Extracted 48/48 symbols
2026-09-12 13:48:01,295 | INFO | 
Calculating cross-sectional rankings...
2026-09-12 13:48:01,295 | INFO | Starting cross-sectional ranking for 48 symbols
2026-09-12 13:48:01,325 | INFO | Universe matrix shape: (22500, 48)
2026-09-12 13:48:01,338 | INFO | Per-timestamp symbol count: min=0, max=48, mean=48.0
2026-09-12 13:48:01,351 | INFO | Coverage filter: 22496/22500 timestamps meet min_coverage=45
2026-09-12 13:48:01,592 | INFO | Attached cross-sectional features to 48 symbols
2026-09-12 13:48:01,592 | INFO | ✅ Cross-sectional ranking complete
2026-09-12 13:48:01,599 | INFO | 
Saving features to revision2/features_mtf_2026/
2026-09-12 13:48:02,451 | INFO | ✅ Saved 48 symbol feature matrices
2026-09-12 13:48:02,452 | INFO | ✅ Registry updated: EXTRACTION_COMPLETE_INHOUSE
2026-09-12 13:48:17,039 | INFO | ✅ Registry locked: EXTRACTION_COMPLETE_INHOUSE
2026-09-12 13:48:17,039 | INFO | CrossSectionalRanking: min_coverage=45, lookback=4 bars
2026-09-12 13:48:17,039 | INFO | ✅ InHouseEngineMTFExtractor initialized
2026-09-12 13:48:17,039 | INFO | 
================================================================================
2026-09-12 13:48:17,039 | INFO | EXTRACTING MTF FEATURES FOR IN-HOUSE ENGINE (TRAIN SPLIT)
2026-09-12 13:48:17,039 | INFO | ================================================================================

2026-09-12 13:48:17,069 | INFO | ADANIENT: 22500 rows loaded
2026-09-12 13:48:17,121 | INFO | [1/48] ADANIENT        ✅ (22500 rows)
2026-09-12 13:48:17,128 | INFO | ADANIPORTS: 22500 rows loaded
2026-09-12 13:48:17,179 | INFO | [2/48] ADANIPORTS      ✅ (22500 rows)
2026-09-12 13:48:17,183 | INFO | APOLLOHOSP: 22500 rows loaded
2026-09-12 13:48:17,231 | INFO | [3/48] APOLLOHOSP      ✅ (22500 rows)
2026-09-12 13:48:17,236 | INFO | ASIANPAINT: 22500 rows loaded
2026-09-12 13:48:17,283 | INFO | [4/48] ASIANPAINT      ✅ (22500 rows)
2026-09-12 13:48:17,287 | INFO | AXISBANK: 22500 rows loaded
2026-09-12 13:48:17,335 | INFO | [5/48] AXISBANK        ✅ (22500 rows)
2026-09-12 13:48:17,339 | INFO | BAJAJ-AUTO: 22500 rows loaded
2026-09-12 13:48:17,414 | INFO | [6/48] BAJAJ-AUTO      ✅ (22500 rows)
2026-09-12 13:48:17,419 | INFO | BAJAJFINSV: 22500 rows loaded
2026-09-12 13:48:17,466 | INFO | [7/48] BAJAJFINSV      ✅ (22500 rows)
2026-09-12 13:48:17,470 | INFO | BAJFINANCE: 22500 rows loaded
2026-09-12 13:48:17,518 | INFO | [8/48] BAJFINANCE      ✅ (22500 rows)
2026-09-12 13:48:17,522 | INFO | BEL: 22500 rows loaded
2026-09-12 13:48:17,573 | INFO | [9/48] BEL             ✅ (22500 rows)
2026-09-12 13:48:17,576 | INFO | BHARTIARTL: 22500 rows loaded
2026-09-12 13:48:17,625 | INFO | [10/48] BHARTIARTL      ✅ (22500 rows)
2026-09-12 13:48:17,630 | INFO | CIPLA: 22500 rows loaded
2026-09-12 13:48:17,683 | INFO | [11/48] CIPLA           ✅ (22500 rows)
2026-09-12 13:48:17,687 | INFO | COALINDIA: 22500 rows loaded
2026-09-12 13:48:17,736 | INFO | [12/48] COALINDIA       ✅ (22500 rows)
2026-09-12 13:48:17,740 | INFO | DRREDDY: 22500 rows loaded
2026-09-12 13:48:17,789 | INFO | [13/48] DRREDDY         ✅ (22500 rows)
2026-09-12 13:48:17,793 | INFO | EICHERMOT: 22500 rows loaded
2026-09-12 13:48:17,847 | INFO | [14/48] EICHERMOT       ✅ (22500 rows)
2026-09-12 13:48:17,851 | INFO | ETERNAL: 22500 rows loaded
2026-09-12 13:48:17,902 | INFO | [15/48] ETERNAL         ✅ (22500 rows)
2026-09-12 13:48:17,906 | INFO | GRASIM: 22500 rows loaded
2026-09-12 13:48:17,956 | INFO | [16/48] GRASIM          ✅ (22500 rows)
2026-09-12 13:48:17,959 | INFO | HCLTECH: 22500 rows loaded
2026-09-12 13:48:18,010 | INFO | [17/48] HCLTECH         ✅ (22500 rows)
2026-09-12 13:48:18,014 | INFO | HDFCBANK: 22500 rows loaded
2026-09-12 13:48:18,064 | INFO | [18/48] HDFCBANK        ✅ (22500 rows)
2026-09-12 13:48:18,068 | INFO | HDFCLIFE: 22500 rows loaded
2026-09-12 13:48:18,117 | INFO | [19/48] HDFCLIFE        ✅ (22500 rows)
2026-09-12 13:48:18,121 | INFO | HINDALCO: 22500 rows loaded
2026-09-12 13:48:18,170 | INFO | [20/48] HINDALCO        ✅ (22500 rows)
2026-09-12 13:48:18,173 | INFO | HINDUNILVR: 22500 rows loaded
2026-09-12 13:48:18,222 | INFO | [21/48] HINDUNILVR      ✅ (22500 rows)
2026-09-12 13:48:18,226 | INFO | ICICIBANK: 22500 rows loaded
2026-09-12 13:48:18,280 | INFO | [22/48] ICICIBANK       ✅ (22500 rows)
2026-09-12 13:48:18,284 | INFO | INDIGO: 22500 rows loaded
2026-09-12 13:48:18,334 | INFO | [23/48] INDIGO          ✅ (22500 rows)
2026-09-12 13:48:18,339 | INFO | INFY: 22500 rows loaded
2026-09-12 13:48:18,387 | INFO | [24/48] INFY            ✅ (22500 rows)
2026-09-12 13:48:18,391 | INFO | ITC: 22500 rows loaded
2026-09-12 13:48:18,439 | INFO | [25/48] ITC             ✅ (22500 rows)
2026-09-12 13:48:18,443 | INFO | JIOFIN: 22500 rows loaded
2026-09-12 13:48:18,491 | INFO | [26/48] JIOFIN          ✅ (22500 rows)
2026-09-12 13:48:18,495 | INFO | JSWSTEEL: 22500 rows loaded
2026-09-12 13:48:18,544 | INFO | [27/48] JSWSTEEL        ✅ (22500 rows)
2026-09-12 13:48:18,548 | INFO | KOTAKBANK: 22500 rows loaded
2026-09-12 13:48:18,597 | INFO | [28/48] KOTAKBANK       ✅ (22500 rows)
2026-09-12 13:48:18,601 | INFO | LT: 22500 rows loaded
2026-09-12 13:48:18,651 | INFO | [29/48] LT              ✅ (22500 rows)
2026-09-12 13:48:18,654 | INFO | M&M: 22500 rows loaded
2026-09-12 13:48:18,704 | INFO | [30/48] M&M             ✅ (22500 rows)
2026-09-12 13:48:18,708 | INFO | MARUTI: 22500 rows loaded
2026-09-12 13:48:18,759 | INFO | [31/48] MARUTI          ✅ (22500 rows)
2026-09-12 13:48:18,762 | INFO | MAXHEALTH: 22500 rows loaded
2026-09-12 13:48:18,811 | INFO | [32/48] MAXHEALTH       ✅ (22500 rows)
2026-09-12 13:48:18,815 | INFO | NTPC: 22500 rows loaded
2026-09-12 13:48:18,868 | INFO | [33/48] NTPC            ✅ (22500 rows)
2026-09-12 13:48:18,872 | INFO | ONGC: 22500 rows loaded
2026-09-12 13:48:18,922 | INFO | [34/48] ONGC            ✅ (22500 rows)
2026-09-12 13:48:18,926 | INFO | POWERGRID: 22500 rows loaded
2026-09-12 13:48:18,974 | INFO | [35/48] POWERGRID       ✅ (22500 rows)
2026-09-12 13:48:18,978 | INFO | RELIANCE: 22500 rows loaded
2026-09-12 13:48:19,026 | INFO | [36/48] RELIANCE        ✅ (22500 rows)
2026-09-12 13:48:19,029 | INFO | SBILIFE: 22500 rows loaded
2026-09-12 13:48:19,077 | INFO | [37/48] SBILIFE         ✅ (22500 rows)
2026-09-12 13:48:19,081 | INFO | SBIN: 22500 rows loaded
2026-09-12 13:48:19,129 | INFO | [38/48] SBIN            ✅ (22500 rows)
2026-09-12 13:48:19,133 | INFO | SHRIRAMFIN: 22500 rows loaded
2026-09-12 13:48:19,181 | INFO | [39/48] SHRIRAMFIN      ✅ (22500 rows)
2026-09-12 13:48:19,185 | INFO | SUNPHARMA: 22500 rows loaded
2026-09-12 13:48:19,234 | INFO | [40/48] SUNPHARMA       ✅ (22500 rows)
2026-09-12 13:48:19,238 | INFO | TATACONSUM: 22500 rows loaded
2026-09-12 13:48:19,287 | INFO | [41/48] TATACONSUM      ✅ (22500 rows)
2026-09-12 13:48:19,291 | INFO | TATASTEEL: 22500 rows loaded
2026-09-12 13:48:19,340 | INFO | [42/48] TATASTEEL       ✅ (22500 rows)
2026-09-12 13:48:19,344 | INFO | TCS: 22500 rows loaded
2026-09-12 13:48:19,393 | INFO | [43/48] TCS             ✅ (22500 rows)
2026-09-12 13:48:19,397 | INFO | TECHM: 22500 rows loaded
2026-09-12 13:48:19,446 | INFO | [44/48] TECHM           ✅ (22500 rows)
2026-09-12 13:48:19,450 | INFO | TITAN: 22500 rows loaded
2026-09-12 13:48:19,521 | INFO | [45/48] TITAN           ✅ (22500 rows)
2026-09-12 13:48:19,525 | INFO | TRENT: 22500 rows loaded
2026-09-12 13:48:19,579 | INFO | [46/48] TRENT           ✅ (22500 rows)
2026-09-12 13:48:19,582 | INFO | ULTRACEMCO: 22500 rows loaded
2026-09-12 13:48:19,633 | INFO | [47/48] ULTRACEMCO      ✅ (22500 rows)
2026-09-12 13:48:19,636 | INFO | WIPRO: 22500 rows loaded
2026-09-12 13:48:19,687 | INFO | [48/48] WIPRO           ✅ (22500 rows)
2026-09-12 13:48:19,687 | INFO | 
✅ Extracted 48/48 symbols
2026-09-12 13:48:19,687 | INFO | 
Calculating cross-sectional rankings...
2026-09-12 13:48:19,687 | INFO | Starting cross-sectional ranking for 48 symbols
2026-09-12 13:48:19,719 | INFO | Universe matrix shape: (22500, 48)
2026-09-12 13:48:19,732 | INFO | Per-timestamp symbol count: min=0, max=48, mean=48.0
2026-09-12 13:48:19,746 | INFO | Coverage filter: 22496/22500 timestamps meet min_coverage=45
2026-09-12 13:48:19,987 | INFO | Attached cross-sectional features to 48 symbols
2026-09-12 13:48:19,987 | INFO | ✅ Cross-sectional ranking complete
2026-09-12 13:48:19,993 | INFO | 
Saving features to revision2/features_mtf_2026/
2026-09-12 13:48:20,883 | INFO | ✅ Saved 48 symbol feature matrices
2026-09-12 13:48:20,883 | INFO | ✅ Registry updated: EXTRACTION_COMPLETE_INHOUSE
2026-09-12 14:00:51,885 | INFO | ✅ Registry locked: EXTRACTION_COMPLETE_INHOUSE
2026-09-12 14:00:51,885 | INFO | CrossSectionalRanking: min_coverage=45, lookback=4 bars
2026-09-12 14:00:51,885 | INFO | ✅ InHouseEngineMTFExtractor initialized
2026-09-12 14:02:36,022 | INFO | ✅ Registry locked: EXTRACTION_COMPLETE_INHOUSE
2026-09-12 14:02:36,022 | INFO | CrossSectionalRanking: min_coverage=45, lookback=4 bars
2026-09-12 14:02:36,022 | INFO | ✅ InHouseEngineMTFExtractor initialized
2026-09-12 14:02:37,899 | INFO | Starting cross-sectional ranking for 48 symbols
2026-09-12 14:02:37,921 | INFO | Universe matrix shape: (7125, 48)
2026-09-12 14:02:37,926 | INFO | Per-timestamp symbol count: min=0, max=48, mean=48.0
2026-09-12 14:02:37,932 | INFO | Coverage filter: 7121/7125 timestamps meet min_coverage=45
2026-09-12 14:02:38,048 | INFO | Attached cross-sectional features to 48 symbols
2026-09-12 14:02:38,048 | INFO | ✅ Cross-sectional ranking complete
2026-09-12 14:02:38,049 | INFO | 
Saving features to revision2/features_2026/test/
2026-09-12 14:02:38,496 | INFO | ✅ Saved 48 symbol feature matrices
