[10:53:39.824] ============================================================================================================================================
[10:53:39.824] TRADE #04 - PID CONTROLLER TRACE
[10:53:39.824] Entry:  2023-07-14 09:38:00+05:30      @ ₹1,355.52
[10:53:39.824] Exit:   2023-07-14 09:44:00+05:30      @ ₹1,357.83  P&L: ₹-228.44
[10:53:39.824] Bars Held: 6
[10:53:39.824] ============================================================================================================================================

[10:53:39.824] [TRADE PATTERN]
[10:53:39.824]   Direction: LONG (profit)
[10:53:39.824]   Price Move: +2.3075 (+0.170%)
[10:53:39.824]   Exit Reason: After 6 bar(s)
[10:53:39.824] 
[10:53:39.824] [PID CONFIGURATION]
[10:53:39.824]   Proportional (Kp):  0.05
[10:53:39.824]   Integral (Ki):       0.02
[10:53:39.824]   Derivative (Kd):     0.01
[10:53:39.824]   Target (exit conf):  0.5000
[10:53:39.824]   Anti-windup clamp:   ±1.0
[10:53:39.824] 
[10:53:39.824] [PID LOOP - 7 Bar(s)]
[10:53:39.824] 
[10:53:39.824]   Bar 1:
[10:53:39.824]     ├─ INPUT: Confidence = 0.1000
[10:53:39.824]     ├─ TARGET: 0.5000 (exit threshold)
[10:53:39.824]     │
[10:53:39.824]     ├─ Error = 0.5000 - 0.1000 = +0.4000
[10:53:39.824]     ├─ P_term = Kp × error = 0.05 × +0.4000 = +0.020000
[10:53:39.824]     ├─ I_term = Ki × Σerror = 0.02 × +0.4000 = +0.008000
[10:53:39.824]     ├─ D_term = Kd × Δerror/Δt = (first bar) = 0.0
[10:53:39.824]     │
[10:53:39.824]     └─ OUTPUT: +0.020000 + +0.008000 + +0.000000 = +0.028000
[10:53:39.824]        Decision: ⊙ WEAK exit signal (would need more accumulation)
[10:53:39.824] 
[10:53:39.824]   Bar 2:
[10:53:39.824]     ├─ INPUT: Confidence = 0.2500
[10:53:39.824]     ├─ TARGET: 0.5000 (exit threshold)
[10:53:39.824]     │
[10:53:39.825]     ├─ Error = 0.5000 - 0.2500 = +0.2500
[10:53:39.825]     ├─ P_term = Kp × error = 0.05 × +0.2500 = +0.012500
[10:53:39.825]     ├─ I_term = Ki × Σerror = 0.02 × +0.6500 = +0.013000
[10:53:39.825]     ├─ D_term = Kd × (+0.2500 - +0.4000) = -0.001500
[10:53:39.825]     │
[10:53:39.825]     └─ OUTPUT: +0.012500 + +0.013000 + -0.001500 = +0.024000
[10:53:39.825]        Decision: ⊙ WEAK exit signal (would need more accumulation)
[10:53:39.825] 
[10:53:39.825]   Bar 3:
[10:53:39.825]     ├─ INPUT: Confidence = 0.4000
[10:53:39.825]     ├─ TARGET: 0.5000 (exit threshold)
[10:53:39.825]     │
[10:53:39.825]     ├─ Error = 0.5000 - 0.4000 = +0.1000
[10:53:39.825]     ├─ P_term = Kp × error = 0.05 × +0.1000 = +0.005000
[10:53:39.825]     ├─ I_term = Ki × Σerror = 0.02 × +0.7500 = +0.015000
[10:53:39.825]     ├─ D_term = Kd × (+0.1000 - +0.2500) = -0.001500
[10:53:39.825]     │
[10:53:39.825]     └─ OUTPUT: +0.005000 + +0.015000 + -0.001500 = +0.018500
[10:53:39.825]        Decision: ⊙ WEAK exit signal (would need more accumulation)
[10:53:39.825] 
[10:53:39.825]   Bar 4:
[10:53:39.825]     ├─ INPUT: Confidence = 0.5500
[10:53:39.825]     ├─ TARGET: 0.5000 (exit threshold)
[10:53:39.825]     │
[10:53:39.825]     ├─ Error = 0.5000 - 0.5500 = -0.0500
[10:53:39.825]     ├─ P_term = Kp × error = 0.05 × -0.0500 = -0.002500
[10:53:39.825]     ├─ I_term = Ki × Σerror = 0.02 × +0.7000 = +0.014000
[10:53:39.825]     ├─ D_term = Kd × (-0.0500 - +0.1000) = -0.001500
[10:53:39.825]     │
[10:53:39.825]     └─ OUTPUT: -0.002500 + +0.014000 + -0.001500 = +0.010000
[10:53:39.825]        Decision: ⊙ WEAK exit signal (would need more accumulation)
[10:53:39.825] 
[10:53:39.825]   Bar 5:
[10:53:39.825]     ├─ INPUT: Confidence = 0.7000
[10:53:39.825]     ├─ TARGET: 0.5000 (exit threshold)
[10:53:39.825]     │
[10:53:39.825]     ├─ Error = 0.5000 - 0.7000 = -0.2000
[10:53:39.825]     ├─ P_term = Kp × error = 0.05 × -0.2000 = -0.010000
[10:53:39.825]     ├─ I_term = Ki × Σerror = 0.02 × +0.5000 = +0.010000
[10:53:39.825]     ├─ D_term = Kd × (-0.2000 - -0.0500) = -0.001500
[10:53:39.825]     │
[10:53:39.825]     └─ OUTPUT: -0.010000 + +0.010000 + -0.001500 = -0.001500
[10:53:39.825]        Decision: ✗ HOLD (No exit signal)
[10:53:39.825] 
[10:53:39.825]   Bar 6:
[10:53:39.825]     ├─ INPUT: Confidence = 0.8000
[10:53:39.825]     ├─ TARGET: 0.5000 (exit threshold)
[10:53:39.825]     │
[10:53:39.825]     ├─ Error = 0.5000 - 0.8000 = -0.3000
[10:53:39.825]     ├─ P_term = Kp × error = 0.05 × -0.3000 = -0.015000
[10:53:39.825]     ├─ I_term = Ki × Σerror = 0.02 × +0.2000 = +0.004000
[10:53:39.825]     ├─ D_term = Kd × (-0.3000 - -0.2000) = -0.001000
[10:53:39.825]     │
[10:53:39.825]     └─ OUTPUT: -0.015000 + +0.004000 + -0.001000 = -0.012000
[10:53:39.825]        Decision: ✗ HOLD (No exit signal)
[10:53:39.825] 
[10:53:39.825]   Bar 7:
[10:53:39.825]     ├─ INPUT: Confidence = 0.8000
[10:53:39.825]     ├─ TARGET: 0.5000 (exit threshold)
[10:53:39.825]     │
[10:53:39.825]     ├─ Error = 0.5000 - 0.8000 = -0.3000
[10:53:39.825]     ├─ P_term = Kp × error = 0.05 × -0.3000 = -0.015000
[10:53:39.825]     ├─ I_term = Ki × Σerror = 0.02 × -0.1000 = -0.002000
[10:53:39.825]     ├─ D_term = Kd × (-0.3000 - -0.3000) = +0.000000
[10:53:39.825]     │
[10:53:39.825]     └─ OUTPUT: -0.015000 + -0.002000 + +0.000000 = -0.017000
[10:53:39.825]        Decision: ✗ HOLD (No exit signal)
[10:53:39.825] 
[10:53:39.825] [ANALYSIS]
[10:53:39.825]   Total bars the PID controller ran: 7
[10:53:39.825]   ✓ Actual outcome: P&L = ₹-228.44 (LOSS)
[10:53:39.825] 
