[10:53:39.823] ============================================================================================================================================
[10:53:39.823] TRADE #02 - PID CONTROLLER TRACE
[10:53:39.823] Entry:  2023-07-13 15:15:00+05:30      @ ₹1,337.67
[10:53:39.823] Exit:   2023-07-13 15:18:00+05:30      @ ₹1,338.64  P&L: ₹97.36
[10:53:39.823] Bars Held: 3
[10:53:39.823] ============================================================================================================================================

[10:53:39.823] [TRADE PATTERN]
[10:53:39.823]   Direction: LONG (profit)
[10:53:39.823]   Price Move: +0.9736 (+0.073%)
[10:53:39.823]   Exit Reason: After 3 bar(s)
[10:53:39.823] 
[10:53:39.823] [PID CONFIGURATION]
[10:53:39.823]   Proportional (Kp):  0.05
[10:53:39.823]   Integral (Ki):       0.02
[10:53:39.823]   Derivative (Kd):     0.01
[10:53:39.823]   Target (exit conf):  0.5000
[10:53:39.823]   Anti-windup clamp:   ±1.0
[10:53:39.823] 
[10:53:39.823] [PID LOOP - 4 Bar(s)]
[10:53:39.823] 
[10:53:39.823]   Bar 1:
[10:53:39.823]     ├─ INPUT: Confidence = 0.1000
[10:53:39.823]     ├─ TARGET: 0.5000 (exit threshold)
[10:53:39.823]     │
[10:53:39.823]     ├─ Error = 0.5000 - 0.1000 = +0.4000
[10:53:39.823]     ├─ P_term = Kp × error = 0.05 × +0.4000 = +0.020000
[10:53:39.823]     ├─ I_term = Ki × Σerror = 0.02 × +0.4000 = +0.008000
[10:53:39.823]     ├─ D_term = Kd × Δerror/Δt = (first bar) = 0.0
[10:53:39.823]     │
[10:53:39.823]     └─ OUTPUT: +0.020000 + +0.008000 + +0.000000 = +0.028000
[10:53:39.823]        Decision: ⊙ WEAK exit signal (would need more accumulation)
[10:53:39.823] 
[10:53:39.824]   Bar 2:
[10:53:39.824]     ├─ INPUT: Confidence = 0.2500
[10:53:39.824]     ├─ TARGET: 0.5000 (exit threshold)
[10:53:39.824]     │
[10:53:39.824]     ├─ Error = 0.5000 - 0.2500 = +0.2500
[10:53:39.824]     ├─ P_term = Kp × error = 0.05 × +0.2500 = +0.012500
[10:53:39.824]     ├─ I_term = Ki × Σerror = 0.02 × +0.6500 = +0.013000
[10:53:39.824]     ├─ D_term = Kd × (+0.2500 - +0.4000) = -0.001500
[10:53:39.824]     │
[10:53:39.824]     └─ OUTPUT: +0.012500 + +0.013000 + -0.001500 = +0.024000
[10:53:39.824]        Decision: ⊙ WEAK exit signal (would need more accumulation)
[10:53:39.824] 
[10:53:39.824]   Bar 3:
[10:53:39.824]     ├─ INPUT: Confidence = 0.4000
[10:53:39.824]     ├─ TARGET: 0.5000 (exit threshold)
[10:53:39.824]     │
[10:53:39.824]     ├─ Error = 0.5000 - 0.4000 = +0.1000
[10:53:39.824]     ├─ P_term = Kp × error = 0.05 × +0.1000 = +0.005000
[10:53:39.824]     ├─ I_term = Ki × Σerror = 0.02 × +0.7500 = +0.015000
[10:53:39.824]     ├─ D_term = Kd × (+0.1000 - +0.2500) = -0.001500
[10:53:39.824]     │
[10:53:39.824]     └─ OUTPUT: +0.005000 + +0.015000 + -0.001500 = +0.018500
[10:53:39.824]        Decision: ⊙ WEAK exit signal (would need more accumulation)
[10:53:39.824] 
[10:53:39.824]   Bar 4:
[10:53:39.824]     ├─ INPUT: Confidence = 0.5500
[10:53:39.824]     ├─ TARGET: 0.5000 (exit threshold)
[10:53:39.824]     │
[10:53:39.824]     ├─ Error = 0.5000 - 0.5500 = -0.0500
[10:53:39.824]     ├─ P_term = Kp × error = 0.05 × -0.0500 = -0.002500
[10:53:39.824]     ├─ I_term = Ki × Σerror = 0.02 × +0.7000 = +0.014000
[10:53:39.824]     ├─ D_term = Kd × (-0.0500 - +0.1000) = -0.001500
[10:53:39.824]     │
[10:53:39.824]     └─ OUTPUT: -0.002500 + +0.014000 + -0.001500 = +0.010000
[10:53:39.824]        Decision: ⊙ WEAK exit signal (would need more accumulation)
[10:53:39.824] 
[10:53:39.824] [ANALYSIS]
[10:53:39.824]   Total bars the PID controller ran: 4
[10:53:39.824]   ⚠️  Very short trade lifetime (3 bars)
[10:53:39.824]   ⚠️  Insufficient time for PID integral accumulation
[10:53:39.824]   ✓ Actual outcome: P&L = ₹97.36 (LOSS)
[10:53:39.824] 
