[10:53:39.825] ============================================================================================================================================
[10:53:39.825] TRADE #05 - PID CONTROLLER TRACE
[10:53:39.826] Entry:  2023-07-14 10:45:00+05:30      @ ₹1,365.48
[10:53:39.826] Exit:   2023-07-14 10:45:00+05:30      @ ₹1,364.01  P&L: ₹-144.76
[10:53:39.826] Bars Held: 0
[10:53:39.826] ============================================================================================================================================

[10:53:39.826] [TRADE PATTERN]
[10:53:39.826]   Direction: SHORT (losing money)
[10:53:39.826]   Price Move: -1.4771 (-0.108%)
[10:53:39.826]   Exit Reason: ATR mechanical stop (0 bars)
[10:53:39.826] 
[10:53:39.826] [PID CONFIGURATION]
[10:53:39.826]   Proportional (Kp):  0.05
[10:53:39.826]   Integral (Ki):       0.02
[10:53:39.826]   Derivative (Kd):     0.01
[10:53:39.826]   Target (exit conf):  0.5000
[10:53:39.826]   Anti-windup clamp:   ±1.0
[10:53:39.826] 
[10:53:39.826] [PID LOOP - 1 Bar(s)]
[10:53:39.826] 
[10:53:39.826]   Bar 1:
[10:53:39.826]     ├─ INPUT: Confidence = 0.1000
[10:53:39.826]     ├─ TARGET: 0.5000 (exit threshold)
[10:53:39.826]     │
[10:53:39.826]     ├─ Error = 0.5000 - 0.1000 = +0.4000
[10:53:39.826]     ├─ P_term = Kp × error = 0.05 × +0.4000 = +0.020000
[10:53:39.826]     ├─ I_term = Ki × Σerror = 0.02 × +0.4000 = +0.008000
[10:53:39.826]     ├─ D_term = Kd × Δerror/Δt = (first bar) = 0.0
[10:53:39.826]     │
[10:53:39.826]     └─ OUTPUT: +0.020000 + +0.008000 + +0.000000 = +0.028000
[10:53:39.826]        Decision: ⊙ WEAK exit signal (would need more accumulation)
[10:53:39.826] 
[10:53:39.826] [ANALYSIS]
[10:53:39.826]   Total bars the PID controller ran: 1
[10:53:39.826]   ⚠️  CRITICAL: Trade exited in SAME BAR (ATR stop)
[10:53:39.826]   ⚠️  PID controller ran but had NO TIME to accumulate
[10:53:39.826]   ⚠️  Mechanical stop fired BEFORE PID integral could build
[10:53:39.826]   ✓ Actual outcome: P&L = ₹-144.76 (LOSS)
[10:53:39.826] 
