[10:53:39.823] ============================================================================================================================================
[10:53:39.823] TRADE #01 - PID CONTROLLER TRACE
[10:53:39.823] Entry:  2023-07-13 14:31:00+05:30      @ ₹1,338.47
[10:53:39.823] Exit:   2023-07-13 14:31:00+05:30      @ ₹1,337.01  P&L: ₹-145.48
[10:53:39.823] Bars Held: 0
[10:53:39.823] ============================================================================================================================================

[10:53:39.823] [TRADE PATTERN]
[10:53:39.823]   Direction: SHORT (losing money)
[10:53:39.823]   Price Move: -1.4548 (-0.109%)
[10:53:39.823]   Exit Reason: ATR mechanical stop (0 bars)
[10:53:39.823] 
[10:53:39.823] [PID CONFIGURATION]
[10:53:39.823]   Proportional (Kp):  0.05
[10:53:39.823]   Integral (Ki):       0.02
[10:53:39.823]   Derivative (Kd):     0.01
[10:53:39.823]   Target (exit conf):  0.5000
[10:53:39.823]   Anti-windup clamp:   ±1.0
[10:53:39.823] 
[10:53:39.823] [PID LOOP - 1 Bar(s)]
[10:53:39.823] 
[10:53:39.823]   Bar 1:
[10:53:39.823]     ├─ INPUT: Confidence = 0.1000
[10:53:39.823]     ├─ TARGET: 0.5000 (exit threshold)
[10:53:39.823]     │
[10:53:39.823]     ├─ Error = 0.5000 - 0.1000 = +0.4000
[10:53:39.823]     ├─ P_term = Kp × error = 0.05 × +0.4000 = +0.020000
[10:53:39.823]     ├─ I_term = Ki × Σerror = 0.02 × +0.4000 = +0.008000
[10:53:39.823]     ├─ D_term = Kd × Δerror/Δt = (first bar) = 0.0
[10:53:39.823]     │
[10:53:39.823]     └─ OUTPUT: +0.020000 + +0.008000 + +0.000000 = +0.028000
[10:53:39.823]        Decision: ⊙ WEAK exit signal (would need more accumulation)
[10:53:39.823] 
[10:53:39.823] [ANALYSIS]
[10:53:39.823]   Total bars the PID controller ran: 1
[10:53:39.823]   ⚠️  CRITICAL: Trade exited in SAME BAR (ATR stop)
[10:53:39.823]   ⚠️  PID controller ran but had NO TIME to accumulate
[10:53:39.823]   ⚠️  Mechanical stop fired BEFORE PID integral could build
[10:53:39.823]   ✓ Actual outcome: P&L = ₹-145.48 (LOSS)
[10:53:39.823] 
