[10:53:39.824] ============================================================================================================================================
[10:53:39.824] TRADE #03 - PID CONTROLLER TRACE
[10:53:39.824] Entry:  2023-07-13 15:19:00+05:30      @ ₹1,339.97
[10:53:39.824] Exit:   2023-07-13 15:19:00+05:30      @ ₹1,338.53  P&L: ₹-144.06
[10:53:39.824] Bars Held: 0
[10:53:39.824] ============================================================================================================================================

[10:53:39.824] [TRADE PATTERN]
[10:53:39.824]   Direction: SHORT (losing money)
[10:53:39.824]   Price Move: -1.4406 (-0.108%)
[10:53:39.824]   Exit Reason: ATR mechanical stop (0 bars)
[10:53:39.824] 
[10:53:39.824] [PID CONFIGURATION]
[10:53:39.824]   Proportional (Kp):  0.05
[10:53:39.824]   Integral (Ki):       0.02
[10:53:39.824]   Derivative (Kd):     0.01
[10:53:39.824]   Target (exit conf):  0.5000
[10:53:39.824]   Anti-windup clamp:   ±1.0
[10:53:39.824] 
[10:53:39.824] [PID LOOP - 1 Bar(s)]
[10:53:39.824] 
[10:53:39.824]   Bar 1:
[10:53:39.824]     ├─ INPUT: Confidence = 0.1000
[10:53:39.824]     ├─ TARGET: 0.5000 (exit threshold)
[10:53:39.824]     │
[10:53:39.824]     ├─ Error = 0.5000 - 0.1000 = +0.4000
[10:53:39.824]     ├─ P_term = Kp × error = 0.05 × +0.4000 = +0.020000
[10:53:39.824]     ├─ I_term = Ki × Σerror = 0.02 × +0.4000 = +0.008000
[10:53:39.824]     ├─ D_term = Kd × Δerror/Δt = (first bar) = 0.0
[10:53:39.824]     │
[10:53:39.824]     └─ OUTPUT: +0.020000 + +0.008000 + +0.000000 = +0.028000
[10:53:39.824]        Decision: ⊙ WEAK exit signal (would need more accumulation)
[10:53:39.824] 
[10:53:39.824] [ANALYSIS]
[10:53:39.824]   Total bars the PID controller ran: 1
[10:53:39.824]   ⚠️  CRITICAL: Trade exited in SAME BAR (ATR stop)
[10:53:39.824]   ⚠️  PID controller ran but had NO TIME to accumulate
[10:53:39.824]   ⚠️  Mechanical stop fired BEFORE PID integral could build
[10:53:39.824]   ✓ Actual outcome: P&L = ₹-144.06 (LOSS)
[10:53:39.824] 
