[10:53:39.827] ============================================================================================================================================
[10:53:39.827] TRADE #07 - PID CONTROLLER TRACE
[10:53:39.827] Entry:  2023-07-14 11:04:00+05:30      @ ₹1,367.38
[10:53:39.827] Exit:   2023-07-14 11:04:00+05:30      @ ₹1,366.02  P&L: ₹-133.94
[10:53:39.827] Bars Held: 0
[10:53:39.827] ============================================================================================================================================

[10:53:39.827] [TRADE PATTERN]
[10:53:39.827]   Direction: SHORT (losing money)
[10:53:39.827]   Price Move: -1.3667 (-0.100%)
[10:53:39.827]   Exit Reason: ATR mechanical stop (0 bars)
[10:53:39.827] 
[10:53:39.827] [PID CONFIGURATION]
[10:53:39.827]   Proportional (Kp):  0.05
[10:53:39.827]   Integral (Ki):       0.02
[10:53:39.827]   Derivative (Kd):     0.01
[10:53:39.828]   Target (exit conf):  0.5000
[10:53:39.828]   Anti-windup clamp:   ±1.0
[10:53:39.828] 
[10:53:39.828] [PID LOOP - 1 Bar(s)]
[10:53:39.828] 
[10:53:39.828]   Bar 1:
[10:53:39.828]     ├─ INPUT: Confidence = 0.1000
[10:53:39.828]     ├─ TARGET: 0.5000 (exit threshold)
[10:53:39.828]     │
[10:53:39.828]     ├─ Error = 0.5000 - 0.1000 = +0.4000
[10:53:39.828]     ├─ P_term = Kp × error = 0.05 × +0.4000 = +0.020000
[10:53:39.828]     ├─ I_term = Ki × Σerror = 0.02 × +0.4000 = +0.008000
[10:53:39.828]     ├─ D_term = Kd × Δerror/Δt = (first bar) = 0.0
[10:53:39.828]     │
[10:53:39.828]     └─ OUTPUT: +0.020000 + +0.008000 + +0.000000 = +0.028000
[10:53:39.828]        Decision: ⊙ WEAK exit signal (would need more accumulation)
[10:53:39.828] 
[10:53:39.828] [ANALYSIS]
[10:53:39.828]   Total bars the PID controller ran: 1
[10:53:39.828]   ⚠️  CRITICAL: Trade exited in SAME BAR (ATR stop)
[10:53:39.828]   ⚠️  PID controller ran but had NO TIME to accumulate
[10:53:39.828]   ⚠️  Mechanical stop fired BEFORE PID integral could build
[10:53:39.828]   ✓ Actual outcome: P&L = ₹-133.94 (LOSS)
[10:53:39.828] 
