2026-09-12 12:50:08,726 | INFO | ✅ ProbabilityPercentileAudit initialized
2026-09-12 12:50:08,726 | INFO |    Model: revision2/frozen_models_inhouse_2026/logistic_regression_inhouse_refined.pkl
2026-09-12 12:50:08,726 | INFO |    Scaler: revision2/frozen_models_inhouse_2026/feature_scaler.pkl
2026-09-12 12:50:08,726 | INFO | 
================================================================================
2026-09-12 12:50:08,726 | INFO | PROBABILITY PERCENTILE AUDIT - TRAIN SPLIT
2026-09-12 12:50:08,726 | INFO | ================================================================================

2026-09-12 12:50:08,726 | INFO | 
Loading TRAIN split...
2026-09-12 12:50:09,110 | INFO |   ✅ Loaded features: (1080000, 10)
2026-09-12 12:50:09,117 | INFO |   ✅ Loaded labels: (1080000,)
2026-09-12 12:50:09,119 | INFO |      Positive: 629/1080000 (0.058%)
2026-09-12 12:50:09,120 | INFO | 
Generating predicted probabilities...
2026-09-12 12:50:09,155 | INFO |   Data: (1075632, 10) (4368 NaN rows removed)
2026-09-12 12:50:09,247 | INFO |   ✅ Probabilities: min=0.000000, max=0.044055, mean=0.000599
2026-09-12 12:50:09,248 | INFO | 
================================================================================
2026-09-12 12:50:09,248 | INFO | PERCENTILE BREAKDOWN (Target-First Rates by Probability Bucket)
2026-09-12 12:50:09,248 | INFO | ================================================================================
2026-09-12 12:50:09,256 | INFO | 
Percentile           Min Prob     Max Prob     N Samples    Positives    Target Rate     Lift vs Base   
2026-09-12 12:50:09,257 | INFO | --------------------------------------------------------------------------------------------------------------
2026-09-12 12:50:09,273 | INFO | 0-10%ile                 0.000000     0.000001       107564            0           0.00%           0.00x
2026-09-12 12:50:09,304 | INFO | 10-20%ile                0.000001     0.000009       107563            5           0.00%           0.08x
2026-09-12 12:50:09,343 | INFO | 20-30%ile                0.000009     0.000032       107563            5           0.00%           0.08x
2026-09-12 12:50:09,369 | INFO | 30-40%ile                0.000032     0.000074       107563            2           0.00%           0.03x
2026-09-12 12:50:09,395 | INFO | 40-50%ile                0.000074     0.000145       107563            5           0.00%           0.08x
2026-09-12 12:50:09,420 | INFO | 50-60%ile                0.000145     0.000260       107563           11           0.01%           0.18x
2026-09-12 12:50:09,444 | INFO | 60-70%ile                0.000260     0.000454       107563           36           0.03%           0.57x
2026-09-12 12:50:09,471 | INFO | 70-80%ile                0.000454     0.000804       107563           63           0.06%           1.00x
2026-09-12 12:50:09,496 | INFO | 80-90%ile                0.000804     0.001620       107563           98           0.09%           1.56x
2026-09-12 12:50:09,519 | INFO | 90-95%ile                0.001620     0.002705        53782          100           0.19%           3.18x
2026-09-12 12:50:09,541 | INFO | 95-99%ile                0.002705     0.006190        43025          194           0.45%           7.72x
2026-09-12 12:50:09,562 | INFO | 99-99.5%ile              0.006190     0.008072         5378           31           0.58%           9.87x
2026-09-12 12:50:09,583 | INFO | 99.5-99.9%ile            0.008072     0.013253         4303           55           1.28%          21.89x
2026-09-12 12:50:09,605 | INFO | 99.9-99.95%ile           0.013256     0.015990          538            9           1.67%          28.65x
2026-09-12 12:50:09,626 | INFO | 99.95-99.99%ile          0.016003     0.022471          430           12           2.79%          47.80x
2026-09-12 12:50:09,636 | INFO | 99.99-100%ile            0.022506     0.044055          108            2           1.85%          31.72x
2026-09-12 12:50:09,637 | INFO | 
================================================================================
2026-09-12 12:50:09,637 | INFO | TOP BUCKET DEEP DIVE (Top 0.1%, 0.5%, 1% by Probability)
2026-09-12 12:50:09,637 | INFO | ================================================================================
2026-09-12 12:50:09,643 | INFO | 
Top %           Prob Threshold       N Samples       Positives       Target Rate          Lift                
2026-09-12 12:50:09,643 | INFO | --------------------------------------------------------------------------------------------------------------
2026-09-12 12:50:09,654 | INFO |            0.1%            0.013254            1076              23                2.14%               36.61x
2026-09-12 12:50:09,665 | INFO |            0.5%            0.008072            5379              78                1.45%               24.84x
2026-09-12 12:50:09,675 | INFO |            1.0%            0.006190           10757             109                1.01%               17.36x
2026-09-12 12:50:09,687 | INFO |            5.0%            0.002705           53782             303                0.56%                9.65x
2026-09-12 12:50:09,700 | INFO |           10.0%            0.001620          107564             403                0.37%                6.42x
2026-09-12 12:50:09,700 | INFO | 
================================================================================
2026-09-12 12:50:09,700 | INFO | CUMULATIVE GAIN ANALYSIS
2026-09-12 12:50:09,700 | INFO | ================================================================================
2026-09-12 12:50:09,763 | INFO | 
% of Population      % of Positives Captured   Lift           
2026-09-12 12:50:09,764 | INFO | ------------------------------------------------------------
2026-09-12 12:50:09,764 | INFO |                 1.0%                     17.4%          17.36x
2026-09-12 12:50:09,764 | INFO |                 5.0%                     48.2%           9.65x
2026-09-12 12:50:09,764 | INFO |                10.0%                     64.2%           6.42x
2026-09-12 12:50:09,764 | INFO |                25.0%                     85.4%           3.41x
2026-09-12 12:50:09,764 | INFO |                50.0%                     97.3%           1.95x
2026-09-12 12:50:09,764 | INFO |               100.0%                    100.0%           1.00x
2026-09-12 12:50:09,764 | INFO | 
================================================================================
2026-09-12 12:50:09,764 | INFO | AUDIT SUMMARY
2026-09-12 12:50:09,764 | INFO | ================================================================================
2026-09-12 12:50:09,764 | INFO | 
Base Rate (TRAIN): 0.058%
2026-09-12 12:50:09,764 | INFO | Model AUC: 0.8854 (from training)
2026-09-12 12:50:09,764 | INFO | 
Key Finding: Top 1% of predictions have 1.01% positive rate
2026-09-12 12:50:09,764 | INFO |              Lift vs base: 17.36x
2026-09-12 12:50:09,764 | INFO | 
Top 0.1% lift:   36.61x
2026-09-12 12:50:09,764 | INFO | Top 0.5% lift:   24.84x
2026-09-12 12:50:09,764 | INFO | Top 1.0% lift:   17.36x
2026-09-12 12:50:11,670 | INFO | 
✅ Results saved: probability_percentile_audit_results.json
