Skipped 1 symbol(s) with no real data in this window (real first bar shown):
  JIOFIN: real data starts 2023-08-21 09:15:00+05:30
47 symbols, 405142 total real bars, window 2023-07-03 09:15:00+05:30 to 2023-08-02 15:29:00+05:30
/home/shrinivas/.local/lib/python3.14/site-packages/pypfopt/base_optimizer.py:307: UserWarning: Solution may be inaccurate. Try another solver, adjusting the solver settings, or solve with verbose=True for more information.
  self._opt.solve(
/home/shrinivas/.local/lib/python3.14/site-packages/pypfopt/base_optimizer.py:307: UserWarning: Solution may be inaccurate. Try another solver, adjusting the solver settings, or solve with verbose=True for more information.
  self._opt.solve(
/home/shrinivas/.local/lib/python3.14/site-packages/pypfopt/base_optimizer.py:307: UserWarning: Solution may be inaccurate. Try another solver, adjusting the solver settings, or solve with verbose=True for more information.
  self._opt.solve(
/home/shrinivas/.local/lib/python3.14/site-packages/pypfopt/base_optimizer.py:307: UserWarning: Solution may be inaccurate. Try another solver, adjusting the solver settings, or solve with verbose=True for more information.
  self._opt.solve(
/home/shrinivas/.local/lib/python3.14/site-packages/pypfopt/base_optimizer.py:307: UserWarning: Solution may be inaccurate. Try another solver, adjusting the solver settings, or solve with verbose=True for more information.
  self._opt.solve(
/home/shrinivas/.local/lib/python3.14/site-packages/pypfopt/base_optimizer.py:307: UserWarning: Solution may be inaccurate. Try another solver, adjusting the solver settings, or solve with verbose=True for more information.
  self._opt.solve(
/home/shrinivas/.local/lib/python3.14/site-packages/pypfopt/base_optimizer.py:307: UserWarning: Solution may be inaccurate. Try another solver, adjusting the solver settings, or solve with verbose=True for more information.
  self._opt.solve(
/home/shrinivas/.local/lib/python3.14/site-packages/pypfopt/base_optimizer.py:307: UserWarning: Solution may be inaccurate. Try another solver, adjusting the solver settings, or solve with verbose=True for more information.
  self._opt.solve(
/home/shrinivas/.local/lib/python3.14/site-packages/pypfopt/base_optimizer.py:307: UserWarning: Solution may be inaccurate. Try another solver, adjusting the solver settings, or solve with verbose=True for more information.
  self._opt.solve(
/home/shrinivas/.local/lib/python3.14/site-packages/pypfopt/base_optimizer.py:307: UserWarning: Solution may be inaccurate. Try another solver, adjusting the solver settings, or solve with verbose=True for more information.
  self._opt.solve(
/home/shrinivas/.local/lib/python3.14/site-packages/pypfopt/base_optimizer.py:307: UserWarning: Solution may be inaccurate. Try another solver, adjusting the solver settings, or solve with verbose=True for more information.
  self._opt.solve(
/home/shrinivas/.local/lib/python3.14/site-packages/pypfopt/base_optimizer.py:307: UserWarning: Solution may be inaccurate. Try another solver, adjusting the solver settings, or solve with verbose=True for more information.
  self._opt.solve(
